Component: ARM Compiler 5.06 update 4 (build 422) Tool: armlink [4d35d2]

==============================================================================

Section Cross References

    main.o(i.Load_Drow_Dialog) refers to gbk_libdrive.o(i.GBK_LibFont_Test) for GBK_LibFont_Test
    main.o(i.Load_Drow_Dialog) refers to lcd.o(i.LCD_ShowString) for LCD_ShowString
    main.o(i.Load_Drow_Dialog) refers to lcd.o(.data) for POINT_COLOR
    main.o(i.Load_Drow_Dialog) refers to lcd.o(.bss) for lcddev
    main.o(i.main) refers to misc.o(i.NVIC_PriorityGroupConfig) for NVIC_PriorityGroupConfig
    main.o(i.main) refers to delay.o(i.delay_init) for delay_init
    main.o(i.main) refers to usart.o(i.uart_init) for uart_init
    main.o(i.main) refers to led.o(i.LED_Init) for LED_Init
    main.o(i.main) refers to lcd.o(i.LCD_Init) for LCD_Init
    main.o(i.main) refers to key.o(i.KEY_Init) for KEY_Init
    main.o(i.main) refers to w25qxx.o(i.W25QXX_Init) for W25QXX_Init
    main.o(i.main) refers to lcd.o(i.LCD_ShowString) for LCD_ShowString
    main.o(i.main) refers to delay.o(i.delay_ms) for delay_ms
    main.o(i.main) refers to w25qxx.o(i.W25QXX_ReadID) for W25QXX_ReadID
    main.o(i.main) refers to gbk_libdrive.o(i.GBK_Lib_Init) for GBK_Lib_Init
    main.o(i.main) refers to lcd.o(i.LCD_Clear) for LCD_Clear
    main.o(i.main) refers to gbk_libdrive.o(i.GBK_Show_Str) for GBK_Show_Str
    main.o(i.main) refers to main.o(i.Load_Drow_Dialog) for Load_Drow_Dialog
    main.o(i.main) refers to main.o(i.rtp_test) for rtp_test
    main.o(i.main) refers to lcd.o(.data) for POINT_COLOR
    main.o(i.main) refers to touch.o(.data) for tp_dev
    main.o(i.rtp_test) refers to key.o(i.KEY_Scan) for KEY_Scan
    main.o(i.rtp_test) refers to main.o(i.Load_Drow_Dialog) for Load_Drow_Dialog
    main.o(i.rtp_test) refers to touch.o(i.TP_Draw_Big_Point) for TP_Draw_Big_Point
    main.o(i.rtp_test) refers to delay.o(i.delay_ms) for delay_ms
    main.o(i.rtp_test) refers to lcd.o(i.LCD_Clear) for LCD_Clear
    main.o(i.rtp_test) refers to touch.o(i.TP_Adjust) for TP_Adjust
    main.o(i.rtp_test) refers to lcd.o(.bss) for lcddev
    main.o(i.rtp_test) refers to touch.o(.data) for tp_dev
    system_stm32f4xx.o(i.SystemCoreClockUpdate) refers to system_stm32f4xx.o(.data) for .data
    system_stm32f4xx.o(i.SystemInit) refers to system_stm32f4xx.o(i.SetSysClock) for SetSysClock
    led.o(i.LED_Init) refers to stm32f4xx_rcc.o(i.RCC_AHB1PeriphClockCmd) for RCC_AHB1PeriphClockCmd
    led.o(i.LED_Init) refers to stm32f4xx_gpio.o(i.GPIO_Init) for GPIO_Init
    led.o(i.LED_Init) refers to stm32f4xx_gpio.o(i.GPIO_SetBits) for GPIO_SetBits
    lcd.o(i.Color_Test) refers to lcd.o(i.LCD_Clear) for LCD_Clear
    lcd.o(i.Color_Test) refers to text.o(i.Draw_Font16B) for Draw_Font16B
    lcd.o(i.Color_Test) refers to lcd.o(i.LCD_Fill) for LCD_Fill
    lcd.o(i.Color_Test) refers to delay.o(i.delay_ms) for delay_ms
    lcd.o(i.Color_Test) refers to lcd.o(i.Draw_Test) for Draw_Test
    lcd.o(i.Color_Test) refers to lcd.o(.bss) for .bss
    lcd.o(i.Demo_Menu) refers to lcd.o(i.LCD_Clear) for LCD_Clear
    lcd.o(i.Demo_Menu) refers to text.o(i.Draw_Font24B) for Draw_Font24B
    lcd.o(i.Demo_Menu) refers to lcd.o(i.DisplayButtonUp) for DisplayButtonUp
    lcd.o(i.Demo_Menu) refers to text.o(i.Draw_Font16B) for Draw_Font16B
    lcd.o(i.Demo_Menu) refers to delay.o(i.delay_ms) for delay_ms
    lcd.o(i.Demo_Menu) refers to lcd.o(i.Color_Test) for Color_Test
    lcd.o(i.Demo_Menu) refers to lcd.o(i.Font_Test) for Font_Test
    lcd.o(i.Demo_Menu) refers to gbk_libdrive.o(i.GBK_LibFont_Test) for GBK_LibFont_Test
    lcd.o(i.Demo_Menu) refers to dis_picture.o(i.Show_Picture) for Show_Picture
    lcd.o(i.DisplayButtonDown) refers to lcd.o(i.LCD_DrawLine) for LCD_DrawLine
    lcd.o(i.DisplayButtonUp) refers to lcd.o(i.LCD_DrawLine) for LCD_DrawLine
    lcd.o(i.Draw_Test) refers to lcd.o(i.LCD_Clear) for LCD_Clear
    lcd.o(i.Draw_Test) refers to lcd.o(i.LCD_DrawLine) for LCD_DrawLine
    lcd.o(i.Draw_Test) refers to lcd.o(i.LCD_DrawRectangle) for LCD_DrawRectangle
    lcd.o(i.Draw_Test) refers to lcd.o(i.LCD_Draw_Circle) for LCD_Draw_Circle
    lcd.o(i.Draw_Test) refers to delay.o(i.delay_ms) for delay_ms
    lcd.o(i.Font_Test) refers to lcd.o(i.LCD_Clear) for LCD_Clear
    lcd.o(i.Font_Test) refers to text.o(i.Draw_Font16B) for Draw_Font16B
    lcd.o(i.Font_Test) refers to delay.o(i.delay_ms) for delay_ms
    lcd.o(i.Font_Test) refers to text.o(i.Draw_Font24B) for Draw_Font24B
    lcd.o(i.Font_Test) refers to lcd.o(.conststring) for .conststring
    lcd.o(i.LCD_Clear) refers to lcd.o(i.LCD_Set_Window) for LCD_Set_Window
    lcd.o(i.LCD_Clear) refers to lcd.o(i.LCD_SetCursor) for LCD_SetCursor
    lcd.o(i.LCD_Clear) refers to lcd.o(i.LCD_WriteRAM_Prepare) for LCD_WriteRAM_Prepare
    lcd.o(i.LCD_Clear) refers to lcd.o(.bss) for .bss
    lcd.o(i.LCD_Color_Fill) refers to lcd.o(i.LCD_SetCursor) for LCD_SetCursor
[...]
    entry2.o(.ARM.Collect$$$$00002712) refers to startup_stm32f40_41xxx.o(STACK) for __initial_sp
    entry2.o(__vectab_stack_and_reset_area) refers to startup_stm32f40_41xxx.o(STACK) for __initial_sp
    entry2.o(__vectab_stack_and_reset_area) refers to entry.o(.ARM.Collect$$$$00000000) for __main
    entry5.o(.ARM.Collect$$$$00000004) refers to init.o(.text) for __scatterload
    entry9a.o(.ARM.Collect$$$$0000000B) refers to main.o(i.main) for main
    entry9b.o(.ARM.Collect$$$$0000000C) refers to main.o(i.main) for main
    uldiv.o(.text) refers to llushr.o(.text) for __aeabi_llsr
    uldiv.o(.text) refers to llshl.o(.text) for __aeabi_llsl
    errno.o(i.__aeabi_errno_addr) refers to errno.o(.data) for .data
    errno.o(i.__read_errno) refers to errno.o(.data) for .data
    errno.o(i.__set_errno) refers to errno.o(.data) for .data
    depilogue.o(.text) refers to llshl.o(.text) for __aeabi_llsl
    depilogue.o(.text) refers to llushr.o(.text) for __aeabi_llsr
    dadd.o(.text) refers to llshl.o(.text) for __aeabi_llsl
    dadd.o(.text) refers to llsshr.o(.text) for __aeabi_lasr
    dadd.o(.text) refers to depilogue.o(.text) for _double_epilogue
    ddiv.o(.text) refers to depilogue.o(.text) for _double_round
    dsqrt.o(.text) refers to llushr.o(.text) for __aeabi_llsr
    dsqrt.o(.text) refers to depilogue.o(.text) for _double_round
    dfixul.o(.text) refers to llushr.o(.text) for __aeabi_llsr
    dfixul.o(.text) refers to llshl.o(.text) for __aeabi_llsl
    init.o(.text) refers to entry5.o(.ARM.Collect$$$$00000004) for __main_after_scatterload


==============================================================================

Removing Unused input sections from the image.

    Removing main.o(.rev16_text), (4 bytes).
    Removing main.o(.revsh_text), (4 bytes).
    Removing stm32f4xx_it.o(.rev16_text), (4 bytes).
    Removing stm32f4xx_it.o(.revsh_text), (4 bytes).
    Removing system_stm32f4xx.o(.rev16_text), (4 bytes).
    Removing system_stm32f4xx.o(.revsh_text), (4 bytes).
    Removing system_stm32f4xx.o(i.SystemCoreClockUpdate), (132 bytes).
    Removing system_stm32f4xx.o(.data), (20 bytes).
    Removing led.o(.rev16_text), (4 bytes).
    Removing led.o(.revsh_text), (4 bytes).
    Removing lcd.o(.rev16_text), (4 bytes).
    Removing lcd.o(.revsh_text), (4 bytes).
    Removing lcd.o(i.Color_Test), (244 bytes).
    Removing lcd.o(i.Demo_Menu), (300 bytes).
    Removing lcd.o(i.DisplayButtonDown), (124 bytes).
    Removing lcd.o(i.DisplayButtonUp), (126 bytes).
    Removing lcd.o(i.Draw_Test), (110 bytes).
    Removing lcd.o(i.Font_Test), (336 bytes).
    Removing lcd.o(i.LCD_BGR2RGB), (18 bytes).
    Removing lcd.o(i.LCD_Color_Fill), (84 bytes).
    Removing lcd.o(i.LCD_DisplayOff), (24 bytes).
    Removing lcd.o(i.LCD_DisplayOn), (24 bytes).
    Removing lcd.o(i.LCD_DrawRectangle), (74 bytes).
    Removing lcd.o(i.LCD_Fill), (66 bytes).
    Removing lcd.o(i.LCD_ReadPoint), (124 bytes).
    Removing lcd.o(i.LCD_ShowxNum), (162 bytes).
    Removing lcd.o(i.LCD_WriteRAM), (12 bytes).
    Removing lcd.o(i.opt_delay), (8 bytes).
    Removing lcd.o(.conststring), (65 bytes).
    Removing lcd.o(.data), (2 bytes).
    Removing lcd.o(.data), (2 bytes).
    Removing key.o(.rev16_text), (4 bytes).
    Removing key.o(.revsh_text), (4 bytes).
    Removing touch.o(.rev16_text), (4 bytes).
    Removing touch.o(.revsh_text), (4 bytes).
    Removing touch.o(i.Init_Buffer), (40 bytes).
    Removing dis_picture.o(.rev16_text), (4 bytes).
    Removing dis_picture.o(.revsh_text), (4 bytes).
    Removing dis_picture.o(i.Show_Picture), (124 bytes).
    Removing font.o(.constdata), (2006 bytes).
    Removing font.o(.constdata), (740 bytes).
    Removing picture.o(.rev16_text), (4 bytes).
    Removing picture.o(.revsh_text), (4 bytes).
    Removing picture.o(.constdata), (153600 bytes).
    Removing text.o(.rev16_text), (4 bytes).
    Removing text.o(.revsh_text), (4 bytes).
    Removing text.o(i.Copy_HZK16), (64 bytes).
    Removing text.o(i.Copy_HZK24), (68 bytes).
    Removing text.o(i.Copy_Mem), (22 bytes).
    Removing text.o(i.Draw_Font16B), (48 bytes).
    Removing text.o(i.Draw_Font24B), (48 bytes).
    Removing text.o(i.Get_HzMat), (80 bytes).
    Removing text.o(i.Show_Font), (168 bytes).
    Removing text.o(i.Show_Str), (180 bytes).
    Removing w25qxx.o(.rev16_text), (4 bytes).
    Removing w25qxx.o(.revsh_text), (4 bytes).
    Removing w25qxx.o(i.W25QXX_Erase_Chip), (40 bytes).
    Removing w25qxx.o(i.W25QXX_PowerDown), (32 bytes).
    Removing w25qxx.o(i.W25QXX_WAKEUP), (32 bytes).
    Removing w25qxx.o(i.W25QXX_Write_Disable), (24 bytes).
    Removing w25qxx.o(i.W25QXX_Write_SR), (32 bytes).
    Removing spi.o(.rev16_text), (4 bytes).
    Removing spi.o(.revsh_text), (4 bytes).
    Removing gbk_libdrive.o(.rev16_text), (4 bytes).
    Removing gbk_libdrive.o(.revsh_text), (4 bytes).
    Removing gbk_libdrive.o(i.DrawFont_GBK24B), (60 bytes).
    Removing delay.o(.rev16_text), (4 bytes).
    Removing delay.o(.revsh_text), (4 bytes).
    Removing sys.o(.rev16_text), (4 bytes).
    Removing sys.o(.revsh_text), (4 bytes).
    Removing sys.o(.emb_text), (16 bytes).
    Removing usart.o(.rev16_text), (4 bytes).
    Removing usart.o(.revsh_text), (4 bytes).
    Removing usart.o(i._sys_exit), (2 bytes).
    Removing startup_stm32f40_41xxx.o(HEAP), (512 bytes).
    Removing misc.o(.rev16_text), (4 bytes).
    Removing misc.o(.revsh_text), (4 bytes).
    Removing misc.o(i.NVIC_SetVectorTable), (20 bytes).
    Removing misc.o(i.NVIC_SystemLPConfig), (28 bytes).
    Removing stm32f4xx_gpio.o(.rev16_text), (4 bytes).
    Removing stm32f4xx_gpio.o(.revsh_text), (4 bytes).
    Removing stm32f4xx_gpio.o(i.GPIO_DeInit), (340 bytes).
    Removing stm32f4xx_gpio.o(i.GPIO_PinLockConfig), (26 bytes).
    Removing stm32f4xx_gpio.o(i.GPIO_ReadInputData), (6 bytes).
    Removing stm32f4xx_gpio.o(i.GPIO_ReadOutputData), (6 bytes).
    Removing stm32f4xx_gpio.o(i.GPIO_ReadOutputDataBit), (14 bytes).
    Removing stm32f4xx_gpio.o(i.GPIO_StructInit), (18 bytes).
    Removing stm32f4xx_gpio.o(i.GPIO_ToggleBits), (8 bytes).
    Removing stm32f4xx_gpio.o(i.GPIO_Write), (4 bytes).
    Removing stm32f4xx_gpio.o(i.GPIO_WriteBit), (12 bytes).
    Removing stm32f4xx_fsmc.o(.rev16_text), (4 bytes).
    Removing stm32f4xx_fsmc.o(.revsh_text), (4 bytes).
    Removing stm32f4xx_fsmc.o(i.FSMC_ClearFlag), (42 bytes).
    Removing stm32f4xx_fsmc.o(i.FSMC_ClearITPendingBit), (48 bytes).
    Removing stm32f4xx_fsmc.o(i.FSMC_GetECC), (18 bytes).
    Removing stm32f4xx_fsmc.o(i.FSMC_GetFlagStatus), (40 bytes).
    Removing stm32f4xx_fsmc.o(i.FSMC_GetITStatus), (52 bytes).
    Removing stm32f4xx_fsmc.o(i.FSMC_ITConfig), (86 bytes).
    Removing stm32f4xx_fsmc.o(i.FSMC_NANDCmd), (64 bytes).
    Removing stm32f4xx_fsmc.o(i.FSMC_NANDDeInit), (40 bytes).
    Removing stm32f4xx_fsmc.o(i.FSMC_NANDECCCmd), (64 bytes).
    Removing stm32f4xx_fsmc.o(i.FSMC_NANDInit), (104 bytes).
    Removing stm32f4xx_fsmc.o(i.FSMC_NANDStructInit), (54 bytes).
    Removing stm32f4xx_fsmc.o(i.FSMC_NORSRAMDeInit), (48 bytes).
    Removing stm32f4xx_fsmc.o(i.FSMC_NORSRAMStructInit), (48 bytes).
    Removing stm32f4xx_fsmc.o(i.FSMC_PCCARDCmd), (36 bytes).
    Removing stm32f4xx_fsmc.o(i.FSMC_PCCARDDeInit), (28 bytes).
    Removing stm32f4xx_fsmc.o(i.FSMC_PCCARDInit), (104 bytes).
    Removing stm32f4xx_fsmc.o(i.FSMC_PCCARDStructInit), (60 bytes).
    Removing stm32f4xx_fsmc.o(.constdata), (28 bytes).
    Removing stm32f4xx_rcc.o(.rev16_text), (4 bytes).
    Removing stm32f4xx_rcc.o(.revsh_text), (4 bytes).
    Removing stm32f4xx_rcc.o(i.RCC_AHB1PeriphClockLPModeCmd), (28 bytes).
    Removing stm32f4xx_rcc.o(i.RCC_AHB1PeriphResetCmd), (28 bytes).
    Removing stm32f4xx_rcc.o(i.RCC_AHB2PeriphClockCmd), (28 bytes).
    Removing stm32f4xx_rcc.o(i.RCC_AHB2PeriphClockLPModeCmd), (28 bytes).
    Removing stm32f4xx_rcc.o(i.RCC_AHB2PeriphResetCmd), (28 bytes).
    Removing stm32f4xx_rcc.o(i.RCC_AHB3PeriphClockLPModeCmd), (28 bytes).
    Removing stm32f4xx_rcc.o(i.RCC_AHB3PeriphResetCmd), (28 bytes).
    Removing stm32f4xx_rcc.o(i.RCC_APB1PeriphClockCmd), (28 bytes).
    Removing stm32f4xx_rcc.o(i.RCC_APB1PeriphClockLPModeCmd), (28 bytes).
    Removing stm32f4xx_rcc.o(i.RCC_APB1PeriphResetCmd), (28 bytes).
    Removing stm32f4xx_rcc.o(i.RCC_APB2PeriphClockLPModeCmd), (28 bytes).
    Removing stm32f4xx_rcc.o(i.RCC_AdjustHSICalibrationValue), (20 bytes).
    Removing stm32f4xx_rcc.o(i.RCC_BackupResetCmd), (12 bytes).
    Removing stm32f4xx_rcc.o(i.RCC_ClearFlag), (16 bytes).
    Removing stm32f4xx_rcc.o(i.RCC_ClearITPendingBit), (12 bytes).
    Removing stm32f4xx_rcc.o(i.RCC_ClockSecuritySystemCmd), (12 bytes).
    Removing stm32f4xx_rcc.o(i.RCC_DeInit), (84 bytes).
    Removing stm32f4xx_rcc.o(i.RCC_GetFlagStatus), (56 bytes).
    Removing stm32f4xx_rcc.o(i.RCC_GetITStatus), (20 bytes).
    Removing stm32f4xx_rcc.o(i.RCC_GetSYSCLKSource), (16 bytes).
    Removing stm32f4xx_rcc.o(i.RCC_HCLKConfig), (20 bytes).
    Removing stm32f4xx_rcc.o(i.RCC_HSEConfig), (16 bytes).
    Removing stm32f4xx_rcc.o(i.RCC_HSICmd), (12 bytes).
    Removing stm32f4xx_rcc.o(i.RCC_I2SCLKConfig), (12 bytes).
    Removing stm32f4xx_rcc.o(i.RCC_ITConfig), (28 bytes).
    Removing stm32f4xx_rcc.o(i.RCC_LSEConfig), (32 bytes).
    Removing stm32f4xx_rcc.o(i.RCC_LSEModeConfig), (32 bytes).
    Removing stm32f4xx_rcc.o(i.RCC_LSICmd), (12 bytes).
    Removing stm32f4xx_rcc.o(i.RCC_LTDCCLKDivConfig), (20 bytes).
    Removing stm32f4xx_rcc.o(i.RCC_MCO1Config), (20 bytes).
    Removing stm32f4xx_rcc.o(i.RCC_MCO2Config), (20 bytes).
    Removing stm32f4xx_rcc.o(i.RCC_PCLK1Config), (20 bytes).
    Removing stm32f4xx_rcc.o(i.RCC_PCLK2Config), (20 bytes).
    Removing stm32f4xx_rcc.o(i.RCC_PLLCmd), (12 bytes).
    Removing stm32f4xx_rcc.o(i.RCC_PLLConfig), (36 bytes).
    Removing stm32f4xx_rcc.o(i.RCC_PLLI2SCmd), (12 bytes).
    Removing stm32f4xx_rcc.o(i.RCC_PLLI2SConfig), (16 bytes).
    Removing stm32f4xx_rcc.o(i.RCC_PLLSAICmd), (12 bytes).
    Removing stm32f4xx_rcc.o(i.RCC_PLLSAIConfig), (20 bytes).
    Removing stm32f4xx_rcc.o(i.RCC_RTCCLKCmd), (12 bytes).
    Removing stm32f4xx_rcc.o(i.RCC_RTCCLKConfig), (48 bytes).
    Removing stm32f4xx_rcc.o(i.RCC_SAIBlockACLKConfig), (20 bytes).
    Removing stm32f4xx_rcc.o(i.RCC_SAIBlockBCLKConfig), (20 bytes).
    Removing stm32f4xx_rcc.o(i.RCC_SAIPLLI2SClkDivConfig), (20 bytes).
    Removing stm32f4xx_rcc.o(i.RCC_SAIPLLSAIClkDivConfig), (24 bytes).
    Removing stm32f4xx_rcc.o(i.RCC_SYSCLKConfig), (20 bytes).
    Removing stm32f4xx_rcc.o(i.RCC_TIMCLKPresConfig), (12 bytes).
    Removing stm32f4xx_rcc.o(i.RCC_WaitForHSEStartUp), (48 bytes).
    Removing stm32f4xx_syscfg.o(.rev16_text), (4 bytes).
    Removing stm32f4xx_syscfg.o(.revsh_text), (4 bytes).
    Removing stm32f4xx_syscfg.o(i.SYSCFG_CompensationCellCmd), (12 bytes).
    Removing stm32f4xx_syscfg.o(i.SYSCFG_DeInit), (24 bytes).
    Removing stm32f4xx_syscfg.o(i.SYSCFG_ETH_MediaInterfaceConfig), (12 bytes).
    Removing stm32f4xx_syscfg.o(i.SYSCFG_EXTILineConfig), (44 bytes).
    Removing stm32f4xx_syscfg.o(i.SYSCFG_GetCompensationCellStatus), (20 bytes).
    Removing stm32f4xx_syscfg.o(i.SYSCFG_MemoryRemapConfig), (12 bytes).
    Removing stm32f4xx_syscfg.o(i.SYSCFG_MemorySwappingBank), (12 bytes).
    Removing stm32f4xx_usart.o(.rev16_text), (4 bytes).
    Removing stm32f4xx_usart.o(.revsh_text), (4 bytes).
    Removing stm32f4xx_usart.o(i.USART_ClearITPendingBit), (16 bytes).
    Removing stm32f4xx_usart.o(i.USART_ClockInit), (28 bytes).
    Removing stm32f4xx_usart.o(i.USART_ClockStructInit), (12 bytes).
    Removing stm32f4xx_usart.o(i.USART_DMACmd), (20 bytes).
    Removing stm32f4xx_usart.o(i.USART_DeInit), (256 bytes).
    Removing stm32f4xx_usart.o(i.USART_GetFlagStatus), (14 bytes).
    Removing stm32f4xx_usart.o(i.USART_HalfDuplexCmd), (24 bytes).
    Removing stm32f4xx_usart.o(i.USART_IrDACmd), (24 bytes).
    Removing stm32f4xx_usart.o(i.USART_IrDAConfig), (16 bytes).
    Removing stm32f4xx_usart.o(i.USART_LINBreakDetectLengthConfig), (16 bytes).
    Removing stm32f4xx_usart.o(i.USART_LINCmd), (24 bytes).
    Removing stm32f4xx_usart.o(i.USART_OneBitMethodCmd), (24 bytes).
    Removing stm32f4xx_usart.o(i.USART_OverSampling8Cmd), (24 bytes).
    Removing stm32f4xx_usart.o(i.USART_ReceiverWakeUpCmd), (24 bytes).
    Removing stm32f4xx_usart.o(i.USART_SendBreak), (10 bytes).
    Removing stm32f4xx_usart.o(i.USART_SendData), (8 bytes).
    Removing stm32f4xx_usart.o(i.USART_SetAddress), (16 bytes).
    Removing stm32f4xx_usart.o(i.USART_SetGuardTime), (16 bytes).
    Removing stm32f4xx_usart.o(i.USART_SetPrescaler), (16 bytes).
    Removing stm32f4xx_usart.o(i.USART_SmartCardCmd), (24 bytes).
    Removing stm32f4xx_usart.o(i.USART_SmartCardNACKCmd), (24 bytes).
    Removing stm32f4xx_usart.o(i.USART_StructInit), (22 bytes).
    Removing stm32f4xx_usart.o(i.USART_WakeUpConfig), (16 bytes).
    Removing stm32f4xx_spi.o(.rev16_text), (4 bytes).
    Removing stm32f4xx_spi.o(.revsh_text), (4 bytes).
    Removing stm32f4xx_spi.o(i.I2S_Cmd), (24 bytes).
    Removing stm32f4xx_spi.o(i.I2S_FullDuplexConfig), (58 bytes).
    Removing stm32f4xx_spi.o(i.I2S_Init), (240 bytes).
    Removing stm32f4xx_spi.o(i.I2S_StructInit), (18 bytes).
    Removing stm32f4xx_spi.o(i.SPI_BiDirectionalLineConfig), (26 bytes).
    Removing stm32f4xx_spi.o(i.SPI_CalculateCRC), (24 bytes).
    Removing stm32f4xx_spi.o(i.SPI_DataSizeConfig), (16 bytes).
    Removing stm32f4xx_spi.o(i.SPI_GetCRC), (12 bytes).
    Removing stm32f4xx_spi.o(i.SPI_GetCRCPolynomial), (4 bytes).
    Removing stm32f4xx_spi.o(i.SPI_I2S_ClearFlag), (6 bytes).
    Removing stm32f4xx_spi.o(i.SPI_I2S_ClearITPendingBit), (14 bytes).
    Removing stm32f4xx_spi.o(i.SPI_I2S_DMACmd), (20 bytes).
    Removing stm32f4xx_spi.o(i.SPI_I2S_DeInit), (196 bytes).
    Removing stm32f4xx_spi.o(i.SPI_I2S_GetITStatus), (44 bytes).
    Removing stm32f4xx_spi.o(i.SPI_I2S_ITConfig), (28 bytes).
    Removing stm32f4xx_spi.o(i.SPI_NSSInternalSoftwareConfig), (28 bytes).
    Removing stm32f4xx_spi.o(i.SPI_SSOutputCmd), (24 bytes).
    Removing stm32f4xx_spi.o(i.SPI_StructInit), (24 bytes).
    Removing stm32f4xx_spi.o(i.SPI_TIModeCmd), (24 bytes).
    Removing stm32f4xx_spi.o(i.SPI_TransmitCRC), (10 bytes).
    Removing dadd.o(.text), (334 bytes).
    Removing ddiv.o(.text), (222 bytes).
    Removing dfixul.o(.text), (48 bytes).

219 unused section(s) (total 165031 bytes) removed from the image.

==============================================================================

Image Symbol Table

    Local Symbols

    Symbol Name                              Value     Ov Type        Size  Object(Section)

    ../clib/microlib/division.c              0x00000000   Number         0  uldiv.o ABSOLUTE
    ../clib/microlib/division.c              0x00000000   Number         0  uidiv.o ABSOLUTE
    ../clib/microlib/errno.c                 0x00000000   Number         0  errno.o ABSOLUTE
    ../clib/microlib/init/entry.s            0x00000000   Number         0  entry7a.o ABSOLUTE
    ../clib/microlib/init/entry.s            0x00000000   Number         0  entry11a.o ABSOLUTE
    ../clib/microlib/init/entry.s            0x00000000   Number         0  entry10b.o ABSOLUTE
    ../clib/microlib/init/entry.s            0x00000000   Number         0  entry9b.o ABSOLUTE
    ../clib/microlib/init/entry.s            0x00000000   Number         0  entry.o ABSOLUTE
    ../clib/microlib/init/entry.s            0x00000000   Number         0  entry10a.o ABSOLUTE
    ../clib/microlib/init/entry.s            0x00000000   Number         0  entry9a.o ABSOLUTE
    ../clib/microlib/init/entry.s            0x00000000   Number         0  entry8b.o ABSOLUTE
    ../clib/microlib/init/entry.s            0x00000000   Number         0  entry8a.o ABSOLUTE
    ../clib/microlib/init/entry.s            0x00000000   Number         0  entry7b.o ABSOLUTE
    ../clib/microlib/init/entry.s            0x00000000   Number         0  entry5.o ABSOLUTE
    ../clib/microlib/init/entry.s            0x00000000   Number         0  entry2.o ABSOLUTE
    ../clib/microlib/init/entry.s            0x00000000   Number         0  entry11b.o ABSOLUTE
    ../clib/microlib/longlong.c              0x00000000   Number         0  llshl.o ABSOLUTE
    ../clib/microlib/longlong.c              0x00000000   Number         0  llsshr.o ABSOLUTE
    ../clib/microlib/longlong.c              0x00000000   Number         0  llushr.o ABSOLUTE
    ../clib/microlib/printf/printf.c         0x00000000   Number         0  printf2.o ABSOLUTE
    ../clib/microlib/printf/printf.c         0x00000000   Number         0  printf1.o ABSOLUTE
    ../clib/microlib/printf/printf.c         0x00000000   Number         0  printf0.o ABSOLUTE
    ../clib/microlib/printf/printf.c         0x00000000   Number         0  printfb.o ABSOLUTE
    ../clib/microlib/printf/printf.c         0x00000000   Number         0  printf5.o ABSOLUTE
    ../clib/microlib/printf/printf.c         0x00000000   Number         0  printfa.o ABSOLUTE
    ../clib/microlib/printf/printf.c         0x00000000   Number         0  printf8.o ABSOLUTE
    ../clib/microlib/printf/printf.c         0x00000000   Number         0  printf7.o ABSOLUTE
    ../clib/microlib/printf/printf.c         0x00000000   Number         0  printf6.o ABSOLUTE
    ../clib/microlib/printf/printf.c         0x00000000   Number         0  printf4.o ABSOLUTE
    ../clib/microlib/printf/printf.c         0x00000000   Number         0  printf3.o ABSOLUTE
    ../clib/microlib/printf/stubs.s          0x00000000   Number         0  stubs.o ABSOLUTE
    ../clib/microlib/string/strlen.c         0x00000000   Number         0  strlen.o ABSOLUTE
    ../clib/microlib/stubs.s                 0x00000000   Number         0  useno.o ABSOLUTE
    ../clib/microlib/stubs.s                 0x00000000   Number         0  iusefp.o ABSOLUTE
    ../fplib/microlib/f2d.c                  0x00000000   Number         0  f2d.o ABSOLUTE
    ../fplib/microlib/fpadd.c                0x00000000   Number         0  dadd.o ABSOLUTE
    ../fplib/microlib/fpdiv.c                0x00000000   Number         0  ddiv.o ABSOLUTE
    ../fplib/microlib/fpepilogue.c           0x00000000   Number         0  depilogue.o ABSOLUTE
    ../fplib/microlib/fpfix.c                0x00000000   Number         0  dfixui.o ABSOLUTE
    ../fplib/microlib/fpfix.c                0x00000000   Number         0  dfixul.o ABSOLUTE
    ../fplib/microlib/fpflt.c                0x00000000   Number         0  dfltui.o ABSOLUTE
    ../fplib/microlib/fpmul.c                0x00000000   Number         0  dmul.o ABSOLUTE
    ../fplib/microlib/fpsqrt.c               0x00000000   Number         0  dsqrt.o ABSOLUTE
    ../mathlib/sqrt.c                        0x00000000   Number         0  sqrt_x.o ABSOLUTE
    ../mathlib/sqrt.c                        0x00000000   Number         0  sqrt.o ABSOLUTE
    ..\CORE\startup_stm32f40_41xxx.s         0x00000000   Number         0  startup_stm32f40_41xxx.o ABSOLUTE
    ..\FWLIB\src\misc.c                      0x00000000   Number         0  misc.o ABSOLUTE
    ..\FWLIB\src\stm32f4xx_fsmc.c            0x00000000   Number         0  stm32f4xx_fsmc.o ABSOLUTE
    ..\FWLIB\src\stm32f4xx_gpio.c            0x00000000   Number         0  stm32f4xx_gpio.o ABSOLUTE
    ..\FWLIB\src\stm32f4xx_rcc.c             0x00000000   Number         0  stm32f4xx_rcc.o ABSOLUTE
    ..\FWLIB\src\stm32f4xx_spi.c             0x00000000   Number         0  stm32f4xx_spi.o ABSOLUTE
    ..\FWLIB\src\stm32f4xx_syscfg.c          0x00000000   Number         0  stm32f4xx_syscfg.o ABSOLUTE
    ..\FWLIB\src\stm32f4xx_usart.c           0x00000000   Number         0  stm32f4xx_usart.o ABSOLUTE
    ..\HARDWARE\GBK_LibDrive\GBK_LibDrive.c  0x00000000   Number         0  gbk_libdrive.o ABSOLUTE
    ..\HARDWARE\KEY\key.c                    0x00000000   Number         0  key.o ABSOLUTE
    ..\HARDWARE\LCD\Dis_Picture.c            0x00000000   Number         0  dis_picture.o ABSOLUTE
    ..\HARDWARE\LCD\FONT.c                   0x00000000   Number         0  font.o ABSOLUTE
    ..\HARDWARE\LCD\Picture.c                0x00000000   Number         0  picture.o ABSOLUTE
    ..\HARDWARE\LCD\Text.c                   0x00000000   Number         0  text.o ABSOLUTE
    ..\HARDWARE\LCD\lcd.c                    0x00000000   Number         0  lcd.o ABSOLUTE
    ..\HARDWARE\LED\led.c                    0x00000000   Number         0  led.o ABSOLUTE
    ..\HARDWARE\SPI\spi.c                    0x00000000   Number         0  spi.o ABSOLUTE
    ..\HARDWARE\TOUCH\touch.c                0x00000000   Number         0  touch.o ABSOLUTE
    ..\HARDWARE\W25QXX\w25qxx.c              0x00000000   Number         0  w25qxx.o ABSOLUTE
    ..\SYSTEM\delay\delay.c                  0x00000000   Number         0  delay.o ABSOLUTE
    ..\SYSTEM\sys\sys.c                      0x00000000   Number         0  sys.o ABSOLUTE
    ..\SYSTEM\usart\usart.c                  0x00000000   Number         0  usart.o ABSOLUTE
    ..\\FWLIB\\src\\misc.c                   0x00000000   Number         0  misc.o ABSOLUTE
    ..\\FWLIB\\src\\stm32f4xx_fsmc.c         0x00000000   Number         0  stm32f4xx_fsmc.o ABSOLUTE
    ..\\FWLIB\\src\\stm32f4xx_gpio.c         0x00000000   Number         0  stm32f4xx_gpio.o ABSOLUTE
    ..\\FWLIB\\src\\stm32f4xx_rcc.c          0x00000000   Number         0  stm32f4xx_rcc.o ABSOLUTE
    ..\\FWLIB\\src\\stm32f4xx_spi.c          0x00000000   Number         0  stm32f4xx_spi.o ABSOLUTE
    ..\\FWLIB\\src\\stm32f4xx_syscfg.c       0x00000000   Number         0  stm32f4xx_syscfg.o ABSOLUTE
    ..\\FWLIB\\src\\stm32f4xx_usart.c        0x00000000   Number         0  stm32f4xx_usart.o ABSOLUTE
    ..\\HARDWARE\\GBK_LibDrive\\GBK_LibDrive.c 0x00000000   Number         0  gbk_libdrive.o ABSOLUTE
    ..\\HARDWARE\\KEY\\key.c                 0x00000000   Number         0  key.o ABSOLUTE
    ..\\HARDWARE\\LCD\\Dis_Picture.c         0x00000000   Number         0  dis_picture.o ABSOLUTE
    ..\\HARDWARE\\LCD\\Picture.c             0x00000000   Number         0  picture.o ABSOLUTE
    ..\\HARDWARE\\LCD\\Text.c                0x00000000   Number         0  text.o ABSOLUTE
    ..\\HARDWARE\\LCD\\lcd.c                 0x00000000   Number         0  lcd.o ABSOLUTE
    ..\\HARDWARE\\LED\\led.c                 0x00000000   Number         0  led.o ABSOLUTE
    ..\\HARDWARE\\SPI\\spi.c                 0x00000000   Number         0  spi.o ABSOLUTE
    ..\\HARDWARE\\TOUCH\\touch.c             0x00000000   Number         0  touch.o ABSOLUTE
    ..\\HARDWARE\\W25QXX\\w25qxx.c           0x00000000   Number         0  w25qxx.o ABSOLUTE
    ..\\SYSTEM\\delay\\delay.c               0x00000000   Number         0  delay.o ABSOLUTE
    ..\\SYSTEM\\sys\\sys.c                   0x00000000   Number         0  sys.o ABSOLUTE
    ..\\SYSTEM\\usart\\usart.c               0x00000000   Number         0  usart.o ABSOLUTE
    cdcmple.s                                0x00000000   Number         0  cdcmple.o ABSOLUTE
    cdrcmple.s                               0x00000000   Number         0  cdrcmple.o ABSOLUTE
    dc.s                                     0x00000000   Number         0  dc.o ABSOLUTE
    handlers.s                               0x00000000   Number         0  handlers.o ABSOLUTE
    init.s                                   0x00000000   Number         0  init.o ABSOLUTE
    main.c                                   0x00000000   Number         0  main.o ABSOLUTE
    main.c                                   0x00000000   Number         0  main.o ABSOLUTE
    stm32f4xx_it.c                           0x00000000   Number         0  stm32f4xx_it.o ABSOLUTE
    stm32f4xx_it.c                           0x00000000   Number         0  stm32f4xx_it.o ABSOLUTE
    system_stm32f4xx.c                       0x00000000   Number         0  system_stm32f4xx.o ABSOLUTE
    system_stm32f4xx.c                       0x00000000   Number         0  system_stm32f4xx.o ABSOLUTE
    RESET                                    0x08000000   Section      392  startup_stm32f40_41xxx.o(RESET)
    .ARM.Collect$$$$00000000                 0x08000188   Section        0  entry.o(.ARM.Collect$$$$00000000)
    .ARM.Collect$$$$00000001                 0x08000188   Section        4  entry2.o(.ARM.Collect$$$$00000001)
    .ARM.Collect$$$$00000004                 0x0800018c   Section        4  entry5.o(.ARM.Collect$$$$00000004)
    .ARM.Collect$$$$00000008                 0x08000190   Section        0  entry7b.o(.ARM.Collect$$$$00000008)
    .ARM.Collect$$$$0000000A                 0x08000190   Section        0  entry8b.o(.ARM.Collect$$$$0000000A)
    .ARM.Collect$$$$0000000B                 0x08000190   Section        8  entry9a.o(.ARM.Collect$$$$0000000B)
    .ARM.Collect$$$$0000000D                 0x08000198   Section        0  entry10a.o(.ARM.Collect$$$$0000000D)
    .ARM.Collect$$$$0000000F                 0x08000198   Section        0  entry11a.o(.ARM.Collect$$$$0000000F)
    .ARM.Collect$$$$00002712                 0x08000198   Section        4  entry2.o(.ARM.Collect$$$$00002712)
    __lit__00000000                          0x08000198   Data           4  entry2.o(.ARM.Collect$$$$00002712)
    .text                                    0x0800019c   Section       36  startup_stm32f40_41xxx.o(.text)
    $v0                                      0x0800019c   Number         0  startup_stm32f40_41xxx.o(.text)
    .text                                    0x080001c0   Section        0  strlen.o(.text)
    .text                                    0x080001ce   Section        0  dmul.o(.text)
    .text                                    0x080002b2   Section        0  dfltui.o(.text)
    .text                                    0x080002cc   Section        0  dfixui.o(.text)
    .text                                    0x080002fe   Section        0  f2d.o(.text)
    .text                                    0x08000324   Section       48  cdcmple.o(.text)
    .text                                    0x08000354   Section       48  cdrcmple.o(.text)
    .text                                    0x08000384   Section        0  uldiv.o(.text)
    .text                                    0x080003e6   Section        0  llushr.o(.text)
    .text                                    0x08000406   Section        0  depilogue.o(.text)
    .text                                    0x08000406   Section        0  iusefp.o(.text)
    .text                                    0x080004c0   Section        0  dsqrt.o(.text)
    .text                                    0x08000564   Section       36  init.o(.text)
    .text                                    0x08000588   Section        0  llshl.o(.text)
    i.BusFault_Handler                       0x080005a6   Section        0  stm32f4xx_it.o(i.BusFault_Handler)
    i.DebugMon_Handler                       0x080005a8   Section        0  stm32f4xx_it.o(i.DebugMon_Handler)
    i.DrawFontASC_GBK48B                     0x080005ac   Section        0  gbk_libdrive.o(i.DrawFontASC_GBK48B)
    i.DrawFontASC_GBK64B                     0x080005e8   Section        0  gbk_libdrive.o(i.DrawFontASC_GBK64B)
    i.DrawFont_GBK12B                        0x08000624   Section        0  gbk_libdrive.o(i.DrawFont_GBK12B)
    i.DrawFont_GBK16B                        0x08000660   Section        0  gbk_libdrive.o(i.DrawFont_GBK16B)
    i.DrawFont_GBK32B                        0x0800069c   Section        0  gbk_libdrive.o(i.DrawFont_GBK32B)
    i.FSMC_NORSRAMCmd                        0x080006d8   Section        0  stm32f4xx_fsmc.o(i.FSMC_NORSRAMCmd)
    i.FSMC_NORSRAMInit                       0x080006fc   Section        0  stm32f4xx_fsmc.o(i.FSMC_NORSRAMInit)
    i.FontLib_Read                           0x080007c8   Section        0  gbk_libdrive.o(i.FontLib_Read)
    i.Font_SPI_WR                            0x08000830   Section        0  gbk_libdrive.o(i.Font_SPI_WR)
    i.GBK_GetASC_Point                       0x08000898   Section        0  gbk_libdrive.o(i.GBK_GetASC_Point)
    i.GBK_LibFont_Test                       0x0800090c   Section        0  gbk_libdrive.o(i.GBK_LibFont_Test)
    i.GBK_Lib_GetHz                          0x08000b28   Section        0  gbk_libdrive.o(i.GBK_Lib_GetHz)
    i.GBK_Lib_Init                           0x08000bb0   Section        0  gbk_libdrive.o(i.GBK_Lib_Init)
    i.GBK_ReadID                             0x08000c28   Section        0  gbk_libdrive.o(i.GBK_ReadID)
    i.GBK_ShowASCII                          0x08000cae   Section        0  gbk_libdrive.o(i.GBK_ShowASCII)
    i.GBK_Show_Font                          0x08000d58   Section        0  gbk_libdrive.o(i.GBK_Show_Font)
    i.GBK_Show_Str                           0x08000df8   Section        0  gbk_libdrive.o(i.GBK_Show_Str)
    i.GBK_Show_StrMid                        0x08000eb8   Section        0  gbk_libdrive.o(i.GBK_Show_StrMid)
    i.GBK_delay                              0x08000f20   Section        0  gbk_libdrive.o(i.GBK_delay)
    i.GPIO_Init                              0x08000f38   Section        0  stm32f4xx_gpio.o(i.GPIO_Init)
    i.GPIO_PinAFConfig                       0x08000fb4   Section        0  stm32f4xx_gpio.o(i.GPIO_PinAFConfig)
    i.GPIO_ReadInputDataBit                  0x08000fd4   Section        0  stm32f4xx_gpio.o(i.GPIO_ReadInputDataBit)
    i.GPIO_ResetBits                         0x08000fe2   Section        0  stm32f4xx_gpio.o(i.GPIO_ResetBits)
    i.GPIO_SetBits                           0x08000fe6   Section        0  stm32f4xx_gpio.o(i.GPIO_SetBits)
    i.HardFault_Handler                      0x08000fea   Section        0  stm32f4xx_it.o(i.HardFault_Handler)
    i.KEY_Init                               0x08000fec   Section        0  key.o(i.KEY_Init)
    i.KEY_Scan                               0x08001030   Section        0  key.o(i.KEY_Scan)
    i.LCD_Clear                              0x080010e0   Section        0  lcd.o(i.LCD_Clear)
    i.LCD_Display_Dir                        0x0800111c   Section        0  lcd.o(i.LCD_Display_Dir)
    i.LCD_DrawLine                           0x080011a0   Section        0  lcd.o(i.LCD_DrawLine)
    i.LCD_DrawPoint                          0x0800123c   Section        0  lcd.o(i.LCD_DrawPoint)
    i.LCD_Draw_Circle                        0x08001258   Section        0  lcd.o(i.LCD_Draw_Circle)
    i.LCD_Fast_DrawPoint                     0x08001320   Section        0  lcd.o(i.LCD_Fast_DrawPoint)
    i.LCD_Init                               0x08001368   Section        0  lcd.o(i.LCD_Init)
    i.LCD_Pow                                0x08001800   Section        0  lcd.o(i.LCD_Pow)
    i.LCD_RD_DATA                            0x08001810   Section        0  lcd.o(i.LCD_RD_DATA)
    i.LCD_ReadReg                            0x08001824   Section        0  lcd.o(i.LCD_ReadReg)
    i.LCD_Scan_Dir                           0x08001838   Section        0  lcd.o(i.LCD_Scan_Dir)
    i.LCD_SetCursor                          0x080018d8   Section        0  lcd.o(i.LCD_SetCursor)
    i.LCD_Set_Window                         0x08001918   Section        0  lcd.o(i.LCD_Set_Window)
    i.LCD_ShowChar                           0x0800197c   Section        0  lcd.o(i.LCD_ShowChar)
    i.LCD_ShowNum                            0x08001a58   Section        0  lcd.o(i.LCD_ShowNum)
    i.LCD_ShowString                         0x08001ad4   Section        0  lcd.o(i.LCD_ShowString)
    i.LCD_WR_DATA                            0x08001b28   Section        0  lcd.o(i.LCD_WR_DATA)
    i.LCD_WR_REG                             0x08001b34   Section        0  lcd.o(i.LCD_WR_REG)
    i.LCD_WriteRAM_Prepare                   0x08001b40   Section        0  lcd.o(i.LCD_WriteRAM_Prepare)
    i.LCD_WriteReg                           0x08001b54   Section        0  lcd.o(i.LCD_WriteReg)
    i.LED_Init                               0x08001b60   Section        0  led.o(i.LED_Init)
    i.Load_Drow_Dialog                       0x08001ba0   Section        0  main.o(i.Load_Drow_Dialog)
    i.MemManage_Handler                      0x08001bdc   Section        0  stm32f4xx_it.o(i.MemManage_Handler)
    i.NMI_Handler                            0x08001bde   Section        0  stm32f4xx_it.o(i.NMI_Handler)
    i.NVIC_Init                              0x08001be0   Section        0  misc.o(i.NVIC_Init)
    i.NVIC_PriorityGroupConfig               0x08001c48   Section        0  misc.o(i.NVIC_PriorityGroupConfig)
    i.PendSV_Handler                         0x08001c5c   Section        0  stm32f4xx_it.o(i.PendSV_Handler)
    i.RCC_AHB1PeriphClockCmd                 0x08001c60   Section        0  stm32f4xx_rcc.o(i.RCC_AHB1PeriphClockCmd)
    i.RCC_AHB3PeriphClockCmd                 0x08001c7c   Section        0  stm32f4xx_rcc.o(i.RCC_AHB3PeriphClockCmd)
    i.RCC_APB2PeriphClockCmd                 0x08001c98   Section        0  stm32f4xx_rcc.o(i.RCC_APB2PeriphClockCmd)
    i.RCC_APB2PeriphResetCmd                 0x08001cb4   Section        0  stm32f4xx_rcc.o(i.RCC_APB2PeriphResetCmd)
    i.RCC_GetClocksFreq                      0x08001cd0   Section        0  stm32f4xx_rcc.o(i.RCC_GetClocksFreq)
    i.SPI1_Init                              0x08001d70   Section        0  spi.o(i.SPI1_Init)
    i.SPI1_ReadWriteByte                     0x08001e34   Section        0  spi.o(i.SPI1_ReadWriteByte)
    i.SPI1_SetSpeed                          0x08001e68   Section        0  spi.o(i.SPI1_SetSpeed)
    i.SPI_Cmd                                0x08001e84   Section        0  stm32f4xx_spi.o(i.SPI_Cmd)
    i.SPI_I2S_GetFlagStatus                  0x08001e9c   Section        0  stm32f4xx_spi.o(i.SPI_I2S_GetFlagStatus)
    i.SPI_I2S_ReceiveData                    0x08001eaa   Section        0  stm32f4xx_spi.o(i.SPI_I2S_ReceiveData)
    i.SPI_I2S_SendData                       0x08001eae   Section        0  stm32f4xx_spi.o(i.SPI_I2S_SendData)
    i.SPI_Init                               0x08001eb2   Section        0  stm32f4xx_spi.o(i.SPI_Init)
    i.SVC_Handler                            0x08001eea   Section        0  stm32f4xx_it.o(i.SVC_Handler)
    i.SetSysClock                            0x08001eec   Section        0  system_stm32f4xx.o(i.SetSysClock)
    SetSysClock                              0x08001eed   Thumb Code   168  system_stm32f4xx.o(i.SetSysClock)
    i.SysTick_CLKSourceConfig                0x08001fa4   Section        0  misc.o(i.SysTick_CLKSourceConfig)
    i.SysTick_Handler                        0x08001fc0   Section        0  stm32f4xx_it.o(i.SysTick_Handler)
    i.SystemInit                             0x08001fc4   Section        0  system_stm32f4xx.o(i.SystemInit)
    i.TP_Adj_Info_Show                       0x08002020   Section        0  touch.o(i.TP_Adj_Info_Show)
    i.TP_Adjust                              0x080021b8   Section        0  touch.o(i.TP_Adjust)
    i.TP_Draw_Big_Point                      0x08002878   Section        0  touch.o(i.TP_Draw_Big_Point)
    i.TP_Drow_Touch_Point                    0x080028b0   Section        0  touch.o(i.TP_Drow_Touch_Point)
    i.TP_Get_Adjdata                         0x08002934   Section        0  touch.o(i.TP_Get_Adjdata)
    i.TP_Init                                0x080029bc   Section        0  touch.o(i.TP_Init)
    i.TP_Read_AD                             0x08002a5c   Section        0  touch.o(i.TP_Read_AD)
    i.TP_Read_XOY                            0x08002adc   Section        0  touch.o(i.TP_Read_XOY)
    i.TP_Read_XY                             0x08002b40   Section        0  touch.o(i.TP_Read_XY)
    i.TP_Read_XY2                            0x08002b68   Section        0  touch.o(i.TP_Read_XY2)
    i.TP_Save_Adjdata                        0x08002bf0   Section        0  touch.o(i.TP_Save_Adjdata)
    i.TP_Scan                                0x08002c60   Section        0  touch.o(i.TP_Scan)
    i.TP_Write_Byte                          0x08002d10   Section        0  touch.o(i.TP_Write_Byte)
    i.USART1_IRQHandler                      0x08002d58   Section        0  usart.o(i.USART1_IRQHandler)
    i.USART_ClearFlag                        0x08002dc0   Section        0  stm32f4xx_usart.o(i.USART_ClearFlag)
    i.USART_Cmd                              0x08002dc8   Section        0  stm32f4xx_usart.o(i.USART_Cmd)
    i.USART_GetITStatus                      0x08002de0   Section        0  stm32f4xx_usart.o(i.USART_GetITStatus)
    i.USART_ITConfig                         0x08002e20   Section        0  stm32f4xx_usart.o(i.USART_ITConfig)
    i.USART_Init                             0x08002e58   Section        0  stm32f4xx_usart.o(i.USART_Init)
    i.USART_ReceiveData                      0x08002f14   Section        0  stm32f4xx_usart.o(i.USART_ReceiveData)
    i.UsageFault_Handler                     0x08002f1c   Section        0  stm32f4xx_it.o(i.UsageFault_Handler)
    i.W25QXX_Erase_Sector                    0x08002f20   Section        0  w25qxx.o(i.W25QXX_Erase_Sector)
    i.W25QXX_Init                            0x08002f70   Section        0  w25qxx.o(i.W25QXX_Init)
    i.W25QXX_Read                            0x08002fcc   Section        0  w25qxx.o(i.W25QXX_Read)
    i.W25QXX_ReadID                          0x0800301c   Section        0  w25qxx.o(i.W25QXX_ReadID)
    i.W25QXX_ReadSR                          0x08003058   Section        0  w25qxx.o(i.W25QXX_ReadSR)
    i.W25QXX_Wait_Busy                       0x08003078   Section        0  w25qxx.o(i.W25QXX_Wait_Busy)
    i.W25QXX_Write                           0x08003084   Section        0  w25qxx.o(i.W25QXX_Write)
    i.W25QXX_Write_Enable                    0x08003128   Section        0  w25qxx.o(i.W25QXX_Write_Enable)
    i.W25QXX_Write_NoCheck                   0x08003140   Section        0  w25qxx.o(i.W25QXX_Write_NoCheck)
    i.W25QXX_Write_Page                      0x08003180   Section        0  w25qxx.o(i.W25QXX_Write_Page)
    i.__0printf$5                            0x080031d8   Section        0  printf5.o(i.__0printf$5)
    i.__hardfp_sqrt                          0x080031f8   Section        0  sqrt.o(i.__hardfp_sqrt)
    i.__scatterload_copy                     0x08003272   Section       14  handlers.o(i.__scatterload_copy)
    i.__scatterload_null                     0x08003280   Section        2  handlers.o(i.__scatterload_null)
    i.__scatterload_zeroinit                 0x08003282   Section       14  handlers.o(i.__scatterload_zeroinit)
    i.__set_errno                            0x08003290   Section        0  errno.o(i.__set_errno)
    i._printf_core                           0x0800329c   Section        0  printf5.o(i._printf_core)
    _printf_core                             0x0800329d   Thumb Code   658  printf5.o(i._printf_core)
    i.delay_init                             0x0800355c   Section        0  delay.o(i.delay_init)
    i.delay_ms                               0x08003588   Section        0  delay.o(i.delay_ms)
    i.delay_us                               0x080035bc   Section        0  delay.o(i.delay_us)
    i.delay_xms                              0x080035f0   Section        0  delay.o(i.delay_xms)
    i.fputc                                  0x08003624   Section        0  usart.o(i.fputc)
    i.main                                   0x08003638   Section        0  main.o(i.main)
    i.rtp_test                               0x080038bc   Section        0  main.o(i.rtp_test)
    i.uart_init                              0x08003954   Section        0  usart.o(i.uart_init)
    .constdata                               0x08003a08   Section        4  touch.o(.constdata)
    .constdata                               0x08003a0c   Section     1140  font.o(.constdata)
    .constdata                               0x08003e80   Section     1520  font.o(.constdata)
    .constdata                               0x08004470   Section     3420  font.o(.constdata)
    .conststring                             0x080051cc   Section      121  touch.o(.conststring)
    .data                                    0x20000000   Section        4  lcd.o(.data)
    .data                                    0x20000004   Section        1  key.o(.data)
    key_up                                   0x20000004   Data           1  key.o(.data)
    .data                                    0x20000008   Section       64  touch.o(.data)
    .data                                    0x20000048   Section        2  w25qxx.o(.data)
    .data                                    0x2000004a   Section        4  delay.o(.data)
    fac_us                                   0x2000004a   Data           1  delay.o(.data)
    fac_ms                                   0x2000004c   Data           2  delay.o(.data)
    .data                                    0x2000004e   Section        2  usart.o(.data)
    .data                                    0x20000050   Section        4  usart.o(.data)
    .data                                    0x20000054   Section       16  stm32f4xx_rcc.o(.data)
    APBAHBPrescTable                         0x20000054   Data          16  stm32f4xx_rcc.o(.data)
    .data                                    0x20000064   Section        4  errno.o(.data)
    _errno                                   0x20000064   Data           4  errno.o(.data)
    .bss                                     0x20000068   Section       14  lcd.o(.bss)
    .bss                                     0x20000076   Section     4096  w25qxx.o(.bss)
    .bss                                     0x20001076   Section      200  usart.o(.bss)
    STACK                                    0x20001140   Section     1024  startup_stm32f40_41xxx.o(STACK)

    Global Symbols

    Symbol Name                              Value     Ov Type        Size  Object(Section)

    BuildAttributes$$THM_ISAv4$E$P$D$K$B$S$7EM$VFPi3$EXTD16$VFPS$VFMA$PE$A:L22UL41UL21$X:L11$S22US41US21$IEEE1$IW$USESV6$~STKCKD$USESV7$~SHL$OTIME$ROPI$IEEEJ$EBA8$MICROLIB$REQ8$PRES8$EABIv2 0x00000000   Number         0  anon$$obj.o ABSOLUTE
    __ARM_use_no_argv                        0x00000000   Number         0  main.o ABSOLUTE
    __use_no_errno                           0x00000000   Number         0  useno.o ABSOLUTE
    __use_no_exception_handling              0x00000000   Number         0  useno.o ABSOLUTE
    __use_no_fp                              0x00000000   Number         0  useno.o ABSOLUTE
    __use_no_heap                            0x00000000   Number         0  useno.o ABSOLUTE
    __use_no_heap_region                     0x00000000   Number         0  useno.o ABSOLUTE
    __use_no_semihosting                     0x00000000   Number         0  useno.o ABSOLUTE
    __use_no_semihosting_swi                 0x00000000   Number         0  useno.o ABSOLUTE
    __use_no_signal_handling                 0x00000000   Number         0  useno.o ABSOLUTE
    _printf_a                                0x00000000   Number         0  stubs.o ABSOLUTE
    _printf_c                                0x00000000   Number         0  stubs.o ABSOLUTE
    _printf_charcount                        0x00000000   Number         0  stubs.o ABSOLUTE
    _printf_d                                0x00000000   Number         0  stubs.o ABSOLUTE
    _printf_e                                0x00000000   Number         0  stubs.o ABSOLUTE
    _printf_f                                0x00000000   Number         0  stubs.o ABSOLUTE
    _printf_flags                            0x00000000   Number         0  stubs.o ABSOLUTE
    _printf_fp_dec                           0x00000000   Number         0  stubs.o ABSOLUTE
    _printf_fp_hex                           0x00000000   Number         0  stubs.o ABSOLUTE
    _printf_g                                0x00000000   Number         0  stubs.o ABSOLUTE
    _printf_i                                0x00000000   Number         0  stubs.o ABSOLUTE
    _printf_int_dec                          0x00000000   Number         0  stubs.o ABSOLUTE
    _printf_l                                0x00000000   Number         0  stubs.o ABSOLUTE
    _printf_lc                               0x00000000   Number         0  stubs.o ABSOLUTE
    _printf_ll                               0x00000000   Number         0  stubs.o ABSOLUTE
    _printf_lld                              0x00000000   Number         0  stubs.o ABSOLUTE
    _printf_lli                              0x00000000   Number         0  stubs.o ABSOLUTE
    _printf_llo                              0x00000000   Number         0  stubs.o ABSOLUTE
    _printf_llu                              0x00000000   Number         0  stubs.o ABSOLUTE
    _printf_llx                              0x00000000   Number         0  stubs.o ABSOLUTE
    _printf_longlong_dec                     0x00000000   Number         0  stubs.o ABSOLUTE
    _printf_longlong_hex                     0x00000000   Number         0  stubs.o ABSOLUTE
    _printf_longlong_oct                     0x00000000   Number         0  stubs.o ABSOLUTE
    _printf_ls                               0x00000000   Number         0  stubs.o ABSOLUTE
    _printf_mbtowc                           0x00000000   Number         0  stubs.o ABSOLUTE
    _printf_n                                0x00000000   Number         0  stubs.o ABSOLUTE
    _printf_o                                0x00000000   Number         0  stubs.o ABSOLUTE
    _printf_p                                0x00000000   Number         0  stubs.o ABSOLUTE
    _printf_percent                          0x00000000   Number         0  stubs.o ABSOLUTE
    _printf_pre_padding                      0x00000000   Number         0  stubs.o ABSOLUTE
    _printf_return_value                     0x00000000   Number         0  stubs.o ABSOLUTE
    _printf_s                                0x00000000   Number         0  stubs.o ABSOLUTE
    _printf_sizespec                         0x00000000   Number         0  stubs.o ABSOLUTE
    _printf_str                              0x00000000   Number         0  stubs.o ABSOLUTE
    _printf_truncate_signed                  0x00000000   Number         0  stubs.o ABSOLUTE
    _printf_truncate_unsigned                0x00000000   Number         0  stubs.o ABSOLUTE
    _printf_u                                0x00000000   Number         0  stubs.o ABSOLUTE
    _printf_wc                               0x00000000   Number         0  stubs.o ABSOLUTE
    _printf_wctomb                           0x00000000   Number         0  stubs.o ABSOLUTE
    _printf_widthprec                        0x00000000   Number         0  stubs.o ABSOLUTE
    _printf_x                                0x00000000   Number         0  stubs.o ABSOLUTE
    __cpp_initialize__aeabi_                  - Undefined Weak Reference
    __cxa_finalize                            - Undefined Weak Reference
    __decompress                              - Undefined Weak Reference
    _clock_init                               - Undefined Weak Reference
    _microlib_exit                            - Undefined Weak Reference
    __Vectors_Size                           0x00000188   Number         0  startup_stm32f40_41xxx.o ABSOLUTE
    __Vectors                                0x08000000   Data           4  startup_stm32f40_41xxx.o(RESET)
    __Vectors_End                            0x08000188   Data           0  startup_stm32f40_41xxx.o(RESET)
    __main                                   0x08000189   Thumb Code     0  entry.o(.ARM.Collect$$$$00000000)
    _main_stk                                0x08000189   Thumb Code     0  entry2.o(.ARM.Collect$$$$00000001)
    _main_scatterload                        0x0800018d   Thumb Code     0  entry5.o(.ARM.Collect$$$$00000004)
    __main_after_scatterload                 0x08000191   Thumb Code     0  entry5.o(.ARM.Collect$$$$00000004)
    _main_clock                              0x08000191   Thumb Code     0  entry7b.o(.ARM.Collect$$$$00000008)
    _main_cpp_init                           0x08000191   Thumb Code     0  entry8b.o(.ARM.Collect$$$$0000000A)
    _main_init                               0x08000191   Thumb Code     0  entry9a.o(.ARM.Collect$$$$0000000B)
    __rt_final_cpp                           0x08000199   Thumb Code     0  entry10a.o(.ARM.Collect$$$$0000000D)
    __rt_final_exit                          0x08000199   Thumb Code     0  entry11a.o(.ARM.Collect$$$$0000000F)
    Reset_Handler                            0x0800019d   Thumb Code     8  startup_stm32f40_41xxx.o(.text)
    ADC_IRQHandler                           0x080001b7   Thumb Code     0  startup_stm32f40_41xxx.o(.text)
    CAN1_RX0_IRQHandler                      0x080001b7   Thumb Code     0  startup_stm32f40_41xxx.o(.text)
    CAN1_RX1_IRQHandler                      0x080001b7   Thumb Code     0  startup_stm32f40_41xxx.o(.text)
    CAN1_SCE_IRQHandler                      0x080001b7   Thumb Code     0  startup_stm32f40_41xxx.o(.text)
    CAN1_TX_IRQHandler                       0x080001b7   Thumb Code     0  startup_stm32f40_41xxx.o(.text)
    CAN2_RX0_IRQHandler                      0x080001b7   Thumb Code     0  startup_stm32f40_41xxx.o(.text)
    CAN2_RX1_IRQHandler                      0x080001b7   Thumb Code     0  startup_stm32f40_41xxx.o(.text)
    CAN2_SCE_IRQHandler                      0x080001b7   Thumb Code     0  startup_stm32f40_41xxx.o(.text)
    CAN2_TX_IRQHandler                       0x080001b7   Thumb Code     0  startup_stm32f40_41xxx.o(.text)
    CRYP_IRQHandler                          0x080001b7   Thumb Code     0  startup_stm32f40_41xxx.o(.text)
    DCMI_IRQHandler                          0x080001b7   Thumb Code     0  startup_stm32f40_41xxx.o(.text)
    DMA1_Stream0_IRQHandler                  0x080001b7   Thumb Code     0  startup_stm32f40_41xxx.o(.text)
    DMA1_Stream1_IRQHandler                  0x080001b7   Thumb Code     0  startup_stm32f40_41xxx.o(.text)
    DMA1_Stream2_IRQHandler                  0x080001b7   Thumb Code     0  startup_stm32f40_41xxx.o(.text)
    DMA1_Stream3_IRQHandler                  0x080001b7   Thumb Code     0  startup_stm32f40_41xxx.o(.text)
    DMA1_Stream4_IRQHandler                  0x080001b7   Thumb Code     0  startup_stm32f40_41xxx.o(.text)
    DMA1_Stream5_IRQHandler                  0x080001b7   Thumb Code     0  startup_stm32f40_41xxx.o(.text)
    DMA1_Stream6_IRQHandler                  0x080001b7   Thumb Code     0  startup_stm32f40_41xxx.o(.text)
    DMA1_Stream7_IRQHandler                  0x080001b7   Thumb Code     0  startup_stm32f40_41xxx.o(.text)
    DMA2_Stream0_IRQHandler                  0x080001b7   Thumb Code     0  startup_stm32f40_41xxx.o(.text)
    DMA2_Stream1_IRQHandler                  0x080001b7   Thumb Code     0  startup_stm32f40_41xxx.o(.text)
    DMA2_Stream2_IRQHandler                  0x080001b7   Thumb Code     0  startup_stm32f40_41xxx.o(.text)
    DMA2_Stream3_IRQHandler                  0x080001b7   Thumb Code     0  startup_stm32f40_41xxx.o(.text)
    DMA2_Stream4_IRQHandler                  0x080001b7   Thumb Code     0  startup_stm32f40_41xxx.o(.text)
    DMA2_Stream5_IRQHandler                  0x080001b7   Thumb Code     0  startup_stm32f40_41xxx.o(.text)
    DMA2_Stream6_IRQHandler                  0x080001b7   Thumb Code     0  startup_stm32f40_41xxx.o(.text)
    DMA2_Stream7_IRQHandler                  0x080001b7   Thumb Code     0  startup_stm32f40_41xxx.o(.text)
    ETH_IRQHandler                           0x080001b7   Thumb Code     0  startup_stm32f40_41xxx.o(.text)
    ETH_WKUP_IRQHandler                      0x080001b7   Thumb Code     0  startup_stm32f40_41xxx.o(.text)
    EXTI0_IRQHandler                         0x080001b7   Thumb Code     0  startup_stm32f40_41xxx.o(.text)
    EXTI15_10_IRQHandler                     0x080001b7   Thumb Code     0  startup_stm32f40_41xxx.o(.text)
    EXTI1_IRQHandler                         0x080001b7   Thumb Code     0  startup_stm32f40_41xxx.o(.text)
    EXTI2_IRQHandler                         0x080001b7   Thumb Code     0  startup_stm32f40_41xxx.o(.text)
    EXTI3_IRQHandler                         0x080001b7   Thumb Code     0  startup_stm32f40_41xxx.o(.text)
    EXTI4_IRQHandler                         0x080001b7   Thumb Code     0  startup_stm32f40_41xxx.o(.text)
    EXTI9_5_IRQHandler                       0x080001b7   Thumb Code     0  startup_stm32f40_41xxx.o(.text)
    FLASH_IRQHandler                         0x080001b7   Thumb Code     0  startup_stm32f40_41xxx.o(.text)
    FPU_IRQHandler                           0x080001b7   Thumb Code     0  startup_stm32f40_41xxx.o(.text)
    FSMC_IRQHandler                          0x080001b7   Thumb Code     0  startup_stm32f40_41xxx.o(.text)
    HASH_RNG_IRQHandler                      0x080001b7   Thumb Code     0  startup_stm32f40_41xxx.o(.text)
    I2C1_ER_IRQHandler                       0x080001b7   Thumb Code     0  startup_stm32f40_41xxx.o(.text)
    I2C1_EV_IRQHandler                       0x080001b7   Thumb Code     0  startup_stm32f40_41xxx.o(.text)
    I2C2_ER_IRQHandler                       0x080001b7   Thumb Code     0  startup_stm32f40_41xxx.o(.text)
    I2C2_EV_IRQHandler                       0x080001b7   Thumb Code     0  startup_stm32f40_41xxx.o(.text)
    I2C3_ER_IRQHandler                       0x080001b7   Thumb Code     0  startup_stm32f40_41xxx.o(.text)
    I2C3_EV_IRQHandler                       0x080001b7   Thumb Code     0  startup_stm32f40_41xxx.o(.text)
    OTG_FS_IRQHandler                        0x080001b7   Thumb Code     0  startup_stm32f40_41xxx.o(.text)
    OTG_FS_WKUP_IRQHandler                   0x080001b7   Thumb Code     0  startup_stm32f40_41xxx.o(.text)
    OTG_HS_EP1_IN_IRQHandler                 0x080001b7   Thumb Code     0  startup_stm32f40_41xxx.o(.text)
    OTG_HS_EP1_OUT_IRQHandler                0x080001b7   Thumb Code     0  startup_stm32f40_41xxx.o(.text)
    OTG_HS_IRQHandler                        0x080001b7   Thumb Code     0  startup_stm32f40_41xxx.o(.text)
    OTG_HS_WKUP_IRQHandler                   0x080001b7   Thumb Code     0  startup_stm32f40_41xxx.o(.text)
    PVD_IRQHandler                           0x080001b7   Thumb Code     0  startup_stm32f40_41xxx.o(.text)
    RCC_IRQHandler                           0x080001b7   Thumb Code     0  startup_stm32f40_41xxx.o(.text)
    RTC_Alarm_IRQHandler                     0x080001b7   Thumb Code     0  startup_stm32f40_41xxx.o(.text)
    RTC_WKUP_IRQHandler                      0x080001b7   Thumb Code     0  startup_stm32f40_41xxx.o(.text)
    SDIO_IRQHandler                          0x080001b7   Thumb Code     0  startup_stm32f40_41xxx.o(.text)
    SPI1_IRQHandler                          0x080001b7   Thumb Code     0  startup_stm32f40_41xxx.o(.text)
    SPI2_IRQHandler                          0x080001b7   Thumb Code     0  startup_stm32f40_41xxx.o(.text)
    SPI3_IRQHandler                          0x080001b7   Thumb Code     0  startup_stm32f40_41xxx.o(.text)
    TAMP_STAMP_IRQHandler                    0x080001b7   Thumb Code     0  startup_stm32f40_41xxx.o(.text)
    TIM1_BRK_TIM9_IRQHandler                 0x080001b7   Thumb Code     0  startup_stm32f40_41xxx.o(.text)
    TIM1_CC_IRQHandler                       0x080001b7   Thumb Code     0  startup_stm32f40_41xxx.o(.text)
    TIM1_TRG_COM_TIM11_IRQHandler            0x080001b7   Thumb Code     0  startup_stm32f40_41xxx.o(.text)
    TIM1_UP_TIM10_IRQHandler                 0x080001b7   Thumb Code     0  startup_stm32f40_41xxx.o(.text)
    TIM2_IRQHandler                          0x080001b7   Thumb Code     0  startup_stm32f40_41xxx.o(.text)
    TIM3_IRQHandler                          0x080001b7   Thumb Code     0  startup_stm32f40_41xxx.o(.text)
    TIM4_IRQHandler                          0x080001b7   Thumb Code     0  startup_stm32f40_41xxx.o(.text)
    TIM5_IRQHandler                          0x080001b7   Thumb Code     0  startup_stm32f40_41xxx.o(.text)
    TIM6_DAC_IRQHandler                      0x080001b7   Thumb Code     0  startup_stm32f40_41xxx.o(.text)
    TIM7_IRQHandler                          0x080001b7   Thumb Code     0  startup_stm32f40_41xxx.o(.text)
    TIM8_BRK_TIM12_IRQHandler                0x080001b7   Thumb Code     0  startup_stm32f40_41xxx.o(.text)
    TIM8_CC_IRQHandler                       0x080001b7   Thumb Code     0  startup_stm32f40_41xxx.o(.text)
    TIM8_TRG_COM_TIM14_IRQHandler            0x080001b7   Thumb Code     0  startup_stm32f40_41xxx.o(.text)
    TIM8_UP_TIM13_IRQHandler                 0x080001b7   Thumb Code     0  startup_stm32f40_41xxx.o(.text)
    UART4_IRQHandler                         0x080001b7   Thumb Code     0  startup_stm32f40_41xxx.o(.text)
    UART5_IRQHandler                         0x080001b7   Thumb Code     0  startup_stm32f40_41xxx.o(.text)
    USART2_IRQHandler                        0x080001b7   Thumb Code     0  startup_stm32f40_41xxx.o(.text)
    USART3_IRQHandler                        0x080001b7   Thumb Code     0  startup_stm32f40_41xxx.o(.text)
    USART6_IRQHandler                        0x080001b7   Thumb Code     0  startup_stm32f40_41xxx.o(.text)
    WWDG_IRQHandler                          0x080001b7   Thumb Code     0  startup_stm32f40_41xxx.o(.text)
    strlen                                   0x080001c1   Thumb Code    14  strlen.o(.text)
    __aeabi_dmul                             0x080001cf   Thumb Code   228  dmul.o(.text)
    __aeabi_ui2d                             0x080002b3   Thumb Code    26  dfltui.o(.text)
    __aeabi_d2uiz                            0x080002cd   Thumb Code    50  dfixui.o(.text)
    __aeabi_f2d                              0x080002ff   Thumb Code    38  f2d.o(.text)
    __aeabi_cdcmpeq                          0x08000325   Thumb Code     0  cdcmple.o(.text)
    __aeabi_cdcmple                          0x08000325   Thumb Code    48  cdcmple.o(.text)
    __aeabi_cdrcmple                         0x08000355   Thumb Code    48  cdrcmple.o(.text)
    __aeabi_uldivmod                         0x08000385   Thumb Code    98  uldiv.o(.text)
    __aeabi_llsr                             0x080003e7   Thumb Code    32  llushr.o(.text)
    _ll_ushift_r                             0x080003e7   Thumb Code     0  llushr.o(.text)
    __I$use$fp                               0x08000407   Thumb Code     0  iusefp.o(.text)
    _double_round                            0x08000407   Thumb Code    30  depilogue.o(.text)
    _double_epilogue                         0x08000425   Thumb Code   156  depilogue.o(.text)
    _dsqrt                                   0x080004c1   Thumb Code   162  dsqrt.o(.text)
    __scatterload                            0x08000565   Thumb Code    28  init.o(.text)
    __scatterload_rt2                        0x08000565   Thumb Code     0  init.o(.text)
    __aeabi_llsl                             0x08000589   Thumb Code    30  llshl.o(.text)
    _ll_shift_l                              0x08000589   Thumb Code     0  llshl.o(.text)
    BusFault_Handler                         0x080005a7   Thumb Code     2  stm32f4xx_it.o(i.BusFault_Handler)
    DebugMon_Handler                         0x080005a9   Thumb Code     2  stm32f4xx_it.o(i.DebugMon_Handler)
    DrawFontASC_GBK48B                       0x080005ad   Thumb Code    50  gbk_libdrive.o(i.DrawFontASC_GBK48B)
    DrawFontASC_GBK64B                       0x080005e9   Thumb Code    50  gbk_libdrive.o(i.DrawFontASC_GBK64B)
    DrawFont_GBK12B                          0x08000625   Thumb Code    50  gbk_libdrive.o(i.DrawFont_GBK12B)
    DrawFont_GBK16B                          0x08000661   Thumb Code    50  gbk_libdrive.o(i.DrawFont_GBK16B)
    DrawFont_GBK32B                          0x0800069d   Thumb Code    50  gbk_libdrive.o(i.DrawFont_GBK32B)
    FSMC_NORSRAMCmd                          0x080006d9   Thumb Code    30  stm32f4xx_fsmc.o(i.FSMC_NORSRAMCmd)
    FSMC_NORSRAMInit                         0x080006fd   Thumb Code   202  stm32f4xx_fsmc.o(i.FSMC_NORSRAMInit)
    FontLib_Read                             0x080007c9   Thumb Code    98  gbk_libdrive.o(i.FontLib_Read)
    Font_SPI_WR                              0x08000831   Thumb Code    94  gbk_libdrive.o(i.Font_SPI_WR)
    GBK_GetASC_Point                         0x08000899   Thumb Code    96  gbk_libdrive.o(i.GBK_GetASC_Point)
    GBK_LibFont_Test                         0x0800090d   Thumb Code   306  gbk_libdrive.o(i.GBK_LibFont_Test)
    GBK_Lib_GetHz                            0x08000b29   Thumb Code   126  gbk_libdrive.o(i.GBK_Lib_GetHz)
    GBK_Lib_Init                             0x08000bb1   Thumb Code   106  gbk_libdrive.o(i.GBK_Lib_Init)
    GBK_ReadID                               0x08000c29   Thumb Code   134  gbk_libdrive.o(i.GBK_ReadID)
    GBK_ShowASCII                            0x08000caf   Thumb Code   170  gbk_libdrive.o(i.GBK_ShowASCII)
    GBK_Show_Font                            0x08000d59   Thumb Code   160  gbk_libdrive.o(i.GBK_Show_Font)
    GBK_Show_Str                             0x08000df9   Thumb Code   190  gbk_libdrive.o(i.GBK_Show_Str)
    GBK_Show_StrMid                          0x08000eb9   Thumb Code   100  gbk_libdrive.o(i.GBK_Show_StrMid)
    GBK_delay                                0x08000f21   Thumb Code    24  gbk_libdrive.o(i.GBK_delay)
    GPIO_Init                                0x08000f39   Thumb Code   124  stm32f4xx_gpio.o(i.GPIO_Init)
    GPIO_PinAFConfig                         0x08000fb5   Thumb Code    32  stm32f4xx_gpio.o(i.GPIO_PinAFConfig)
    GPIO_ReadInputDataBit                    0x08000fd5   Thumb Code    14  stm32f4xx_gpio.o(i.GPIO_ReadInputDataBit)
    GPIO_ResetBits                           0x08000fe3   Thumb Code     4  stm32f4xx_gpio.o(i.GPIO_ResetBits)
    GPIO_SetBits                             0x08000fe7   Thumb Code     4  stm32f4xx_gpio.o(i.GPIO_SetBits)
    HardFault_Handler                        0x08000feb   Thumb Code     2  stm32f4xx_it.o(i.HardFault_Handler)
    KEY_Init                                 0x08000fed   Thumb Code    60  key.o(i.KEY_Init)
    KEY_Scan                                 0x08001031   Thumb Code   164  key.o(i.KEY_Scan)
    LCD_Clear                                0x080010e1   Thumb Code    56  lcd.o(i.LCD_Clear)
    LCD_Display_Dir                          0x0800111d   Thumb Code   126  lcd.o(i.LCD_Display_Dir)
    LCD_DrawLine                             0x080011a1   Thumb Code   154  lcd.o(i.LCD_DrawLine)
    LCD_DrawPoint                            0x0800123d   Thumb Code    20  lcd.o(i.LCD_DrawPoint)
    LCD_Draw_Circle                          0x08001259   Thumb Code   200  lcd.o(i.LCD_Draw_Circle)
    LCD_Fast_DrawPoint                       0x08001321   Thumb Code    64  lcd.o(i.LCD_Fast_DrawPoint)
    LCD_Init                                 0x08001369   Thumb Code  1172  lcd.o(i.LCD_Init)
    LCD_Pow                                  0x08001801   Thumb Code    16  lcd.o(i.LCD_Pow)
    LCD_RD_DATA                              0x08001811   Thumb Code    14  lcd.o(i.LCD_RD_DATA)
    LCD_ReadReg                              0x08001825   Thumb Code    20  lcd.o(i.LCD_ReadReg)
    LCD_Scan_Dir                             0x08001839   Thumb Code   154  lcd.o(i.LCD_Scan_Dir)
    LCD_SetCursor                            0x080018d9   Thumb Code    60  lcd.o(i.LCD_SetCursor)
    LCD_Set_Window                           0x08001919   Thumb Code    96  lcd.o(i.LCD_Set_Window)
    LCD_ShowChar                             0x0800197d   Thumb Code   200  lcd.o(i.LCD_ShowChar)
    LCD_ShowNum                              0x08001a59   Thumb Code   124  lcd.o(i.LCD_ShowNum)
    LCD_ShowString                           0x08001ad5   Thumb Code    84  lcd.o(i.LCD_ShowString)
    LCD_WR_DATA                              0x08001b29   Thumb Code     6  lcd.o(i.LCD_WR_DATA)
    LCD_WR_REG                               0x08001b35   Thumb Code     6  lcd.o(i.LCD_WR_REG)
    LCD_WriteRAM_Prepare                     0x08001b41   Thumb Code    10  lcd.o(i.LCD_WriteRAM_Prepare)
    LCD_WriteReg                             0x08001b55   Thumb Code     8  lcd.o(i.LCD_WriteReg)
    LED_Init                                 0x08001b61   Thumb Code    58  led.o(i.LED_Init)
    Load_Drow_Dialog                         0x08001ba1   Thumb Code    46  main.o(i.Load_Drow_Dialog)
    MemManage_Handler                        0x08001bdd   Thumb Code     2  stm32f4xx_it.o(i.MemManage_Handler)
    NMI_Handler                              0x08001bdf   Thumb Code     2  stm32f4xx_it.o(i.NMI_Handler)
    NVIC_Init                                0x08001be1   Thumb Code    98  misc.o(i.NVIC_Init)
    NVIC_PriorityGroupConfig                 0x08001c49   Thumb Code    10  misc.o(i.NVIC_PriorityGroupConfig)
    PendSV_Handler                           0x08001c5d   Thumb Code     2  stm32f4xx_it.o(i.PendSV_Handler)
    RCC_AHB1PeriphClockCmd                   0x08001c61   Thumb Code    22  stm32f4xx_rcc.o(i.RCC_AHB1PeriphClockCmd)
    RCC_AHB3PeriphClockCmd                   0x08001c7d   Thumb Code    22  stm32f4xx_rcc.o(i.RCC_AHB3PeriphClockCmd)
    RCC_APB2PeriphClockCmd                   0x08001c99   Thumb Code    22  stm32f4xx_rcc.o(i.RCC_APB2PeriphClockCmd)
    RCC_APB2PeriphResetCmd                   0x08001cb5   Thumb Code    22  stm32f4xx_rcc.o(i.RCC_APB2PeriphResetCmd)
    RCC_GetClocksFreq                        0x08001cd1   Thumb Code   148  stm32f4xx_rcc.o(i.RCC_GetClocksFreq)
    SPI1_Init                                0x08001d71   Thumb Code   186  spi.o(i.SPI1_Init)
    SPI1_ReadWriteByte                       0x08001e35   Thumb Code    48  spi.o(i.SPI1_ReadWriteByte)
    SPI1_SetSpeed                            0x08001e69   Thumb Code    24  spi.o(i.SPI1_SetSpeed)
    SPI_Cmd                                  0x08001e85   Thumb Code    24  stm32f4xx_spi.o(i.SPI_Cmd)
    SPI_I2S_GetFlagStatus                    0x08001e9d   Thumb Code    14  stm32f4xx_spi.o(i.SPI_I2S_GetFlagStatus)
    SPI_I2S_ReceiveData                      0x08001eab   Thumb Code     4  stm32f4xx_spi.o(i.SPI_I2S_ReceiveData)
    SPI_I2S_SendData                         0x08001eaf   Thumb Code     4  stm32f4xx_spi.o(i.SPI_I2S_SendData)
    SPI_Init                                 0x08001eb3   Thumb Code    56  stm32f4xx_spi.o(i.SPI_Init)
    SVC_Handler                              0x08001eeb   Thumb Code     2  stm32f4xx_it.o(i.SVC_Handler)
    SysTick_CLKSourceConfig                  0x08001fa5   Thumb Code    28  misc.o(i.SysTick_CLKSourceConfig)
    SysTick_Handler                          0x08001fc1   Thumb Code     2  stm32f4xx_it.o(i.SysTick_Handler)
    SystemInit                               0x08001fc5   Thumb Code    74  system_stm32f4xx.o(i.SystemInit)
    TP_Adj_Info_Show                         0x08002021   Thumb Code   360  touch.o(i.TP_Adj_Info_Show)
    TP_Adjust                                0x080021b9   Thumb Code  1656  touch.o(i.TP_Adjust)
    TP_Draw_Big_Point                        0x08002879   Thumb Code    50  touch.o(i.TP_Draw_Big_Point)
    TP_Drow_Touch_Point                      0x080028b1   Thumb Code   126  touch.o(i.TP_Drow_Touch_Point)
    TP_Get_Adjdata                           0x08002935   Thumb Code   126  touch.o(i.TP_Get_Adjdata)
    TP_Init                                  0x080029bd   Thumb Code   144  touch.o(i.TP_Init)
    TP_Read_AD                               0x08002a5d   Thumb Code   116  touch.o(i.TP_Read_AD)
    TP_Read_XOY                              0x08002add   Thumb Code    98  touch.o(i.TP_Read_XOY)
    TP_Read_XY                               0x08002b41   Thumb Code    34  touch.o(i.TP_Read_XY)
    TP_Read_XY2                              0x08002b69   Thumb Code   134  touch.o(i.TP_Read_XY2)
    TP_Save_Adjdata                          0x08002bf1   Thumb Code   104  touch.o(i.TP_Save_Adjdata)
    TP_Scan                                  0x08002c61   Thumb Code   168  touch.o(i.TP_Scan)
    TP_Write_Byte                            0x08002d11   Thumb Code    64  touch.o(i.TP_Write_Byte)
    USART1_IRQHandler                        0x08002d59   Thumb Code    92  usart.o(i.USART1_IRQHandler)
    USART_ClearFlag                          0x08002dc1   Thumb Code     8  stm32f4xx_usart.o(i.USART_ClearFlag)
    USART_Cmd                                0x08002dc9   Thumb Code    24  stm32f4xx_usart.o(i.USART_Cmd)
    USART_GetITStatus                        0x08002de1   Thumb Code    64  stm32f4xx_usart.o(i.USART_GetITStatus)
    USART_ITConfig                           0x08002e21   Thumb Code    54  stm32f4xx_usart.o(i.USART_ITConfig)
    USART_Init                               0x08002e59   Thumb Code   180  stm32f4xx_usart.o(i.USART_Init)
    USART_ReceiveData                        0x08002f15   Thumb Code     8  stm32f4xx_usart.o(i.USART_ReceiveData)
    UsageFault_Handler                       0x08002f1d   Thumb Code     2  stm32f4xx_it.o(i.UsageFault_Handler)
    W25QXX_Erase_Sector                      0x08002f21   Thumb Code    68  w25qxx.o(i.W25QXX_Erase_Sector)
    W25QXX_Init                              0x08002f71   Thumb Code    78  w25qxx.o(i.W25QXX_Init)
    W25QXX_Read                              0x08002fcd   Thumb Code    76  w25qxx.o(i.W25QXX_Read)
    W25QXX_ReadID                            0x0800301d   Thumb Code    56  w25qxx.o(i.W25QXX_ReadID)
    W25QXX_ReadSR                            0x08003059   Thumb Code    26  w25qxx.o(i.W25QXX_ReadSR)
    W25QXX_Wait_Busy                         0x08003079   Thumb Code    12  w25qxx.o(i.W25QXX_Wait_Busy)
    W25QXX_Write                             0x08003085   Thumb Code   158  w25qxx.o(i.W25QXX_Write)
    W25QXX_Write_Enable                      0x08003129   Thumb Code    20  w25qxx.o(i.W25QXX_Write_Enable)
    W25QXX_Write_NoCheck                     0x08003141   Thumb Code    62  w25qxx.o(i.W25QXX_Write_NoCheck)
    W25QXX_Write_Page                        0x08003181   Thumb Code    82  w25qxx.o(i.W25QXX_Write_Page)
    __0printf$5                              0x080031d9   Thumb Code    22  printf5.o(i.__0printf$5)
    __1printf$5                              0x080031d9   Thumb Code     0  printf5.o(i.__0printf$5)
    __2printf                                0x080031d9   Thumb Code     0  printf5.o(i.__0printf$5)
    __hardfp_sqrt                            0x080031f9   Thumb Code   122  sqrt.o(i.__hardfp_sqrt)
    __scatterload_copy                       0x08003273   Thumb Code    14  handlers.o(i.__scatterload_copy)
    __scatterload_null                       0x08003281   Thumb Code     2  handlers.o(i.__scatterload_null)
    __scatterload_zeroinit                   0x08003283   Thumb Code    14  handlers.o(i.__scatterload_zeroinit)
    __set_errno                              0x08003291   Thumb Code     6  errno.o(i.__set_errno)
    delay_init                               0x0800355d   Thumb Code    38  delay.o(i.delay_init)
    delay_ms                                 0x08003589   Thumb Code    52  delay.o(i.delay_ms)
    delay_us                                 0x080035bd   Thumb Code    46  delay.o(i.delay_us)
    delay_xms                                0x080035f1   Thumb Code    46  delay.o(i.delay_xms)
    fputc                                    0x08003625   Thumb Code    14  usart.o(i.fputc)
    main                                     0x08003639   Thumb Code   406  main.o(i.main)
    rtp_test                                 0x080038bd   Thumb Code   138  main.o(i.rtp_test)
    uart_init                                0x08003955   Thumb Code   172  usart.o(i.uart_init)
    TP_MSG                                   0x08003a08   Data           4  touch.o(.constdata)
    asc2_1206                                0x08003a0c   Data        1140  font.o(.constdata)
    asc2_1608                                0x08003e80   Data        1520  font.o(.constdata)
    asc2_2412                                0x08004470   Data        3420  font.o(.constdata)
    Region$$Table$$Base                      0x08005248   Number         0  anon$$obj.o(Region$$Table)
    Region$$Table$$Limit                     0x08005268   Number         0  anon$$obj.o(Region$$Table)
    POINT_COLOR                              0x20000000   Data           2  lcd.o(.data)
    BACK_COLOR                               0x20000002   Data           2  lcd.o(.data)
    CMD_RDX                                  0x20000008   Data           1  touch.o(.data)
    CMD_RDY                                  0x20000009   Data           1  touch.o(.data)
    TData                                    0x2000000c   Data           4  touch.o(.data)
    tp_dev                                   0x20000010   Data          56  touch.o(.data)
    W25QXX_TYPE                              0x20000048   Data           2  w25qxx.o(.data)
    USART_RX_STA                             0x2000004e   Data           2  usart.o(.data)
    __stdout                                 0x20000050   Data           4  usart.o(.data)
    lcddev                                   0x20000068   Data          14  lcd.o(.bss)
    W25QXX_BUFFER                            0x20000076   Data        4096  w25qxx.o(.bss)
    USART_RX_BUF                             0x20001076   Data         200  usart.o(.bss)
    __initial_sp                             0x20001540   Data           0  startup_stm32f40_41xxx.o(STACK)



==============================================================================

Memory Map of the image

  Image Entry point : 0x08000189

  Load Region LR_IROM1 (Base: 0x08000000, Size: 0x000052d0, Max: 0x00100000, ABSOLUTE)

    Execution Region ER_IROM1 (Base: 0x08000000, Size: 0x00005268, Max: 0x00100000, ABSOLUTE)

    Base Addr    Size         Type   Attr      Idx    E Section Name        Object

    0x08000000   0x00000188   Data   RO         1232    RESET               startup_stm32f40_41xxx.o
    0x08000188   0x00000000   Code   RO         2264  * .ARM.Collect$$$$00000000  mc_w.l(entry.o)
    0x08000188   0x00000004   Code   RO         2542    .ARM.Collect$$$$00000001  mc_w.l(entry2.o)
    0x0800018c   0x00000004   Code   RO         2545    .ARM.Collect$$$$00000004  mc_w.l(entry5.o)
    0x08000190   0x00000000   Code   RO         2547    .ARM.Collect$$$$00000008  mc_w.l(entry7b.o)
    0x08000190   0x00000000   Code   RO         2549    .ARM.Collect$$$$0000000A  mc_w.l(entry8b.o)
    0x08000190   0x00000008   Code   RO         2550    .ARM.Collect$$$$0000000B  mc_w.l(entry9a.o)
    0x08000198   0x00000000   Code   RO         2552    .ARM.Collect$$$$0000000D  mc_w.l(entry10a.o)
    0x08000198   0x00000000   Code   RO         2554    .ARM.Collect$$$$0000000F  mc_w.l(entry11a.o)
    0x08000198   0x00000004   Code   RO         2543    .ARM.Collect$$$$00002712  mc_w.l(entry2.o)
    0x0800019c   0x00000024   Code   RO         1233    .text               startup_stm32f40_41xxx.o
    0x080001c0   0x0000000e   Code   RO         2267    .text               mc_w.l(strlen.o)
    0x080001ce   0x000000e4   Code   RO         2530    .text               mf_w.l(dmul.o)
    0x080002b2   0x0000001a   Code   RO         2532    .text               mf_w.l(dfltui.o)
    0x080002cc   0x00000032   Code   RO         2534    .text               mf_w.l(dfixui.o)
    0x080002fe   0x00000026   Code   RO         2536    .text               mf_w.l(f2d.o)
    0x08000324   0x00000030   Code   RO         2538    .text               mf_w.l(cdcmple.o)
    0x08000354   0x00000030   Code   RO         2540    .text               mf_w.l(cdrcmple.o)
    0x08000384   0x00000062   Code   RO         2558    .text               mc_w.l(uldiv.o)
    0x080003e6   0x00000020   Code   RO         2560    .text               mc_w.l(llushr.o)
    0x08000406   0x00000000   Code   RO         2569    .text               mc_w.l(iusefp.o)
    0x08000406   0x000000ba   Code   RO         2570    .text               mf_w.l(depilogue.o)
    0x080004c0   0x000000a2   Code   RO         2576    .text               mf_w.l(dsqrt.o)
    0x08000562   0x00000002   PAD
    0x08000564   0x00000024   Code   RO         2580    .text               mc_w.l(init.o)
    0x08000588   0x0000001e   Code   RO         2582    .text               mc_w.l(llshl.o)
    0x080005a6   0x00000002   Code   RO          183    i.BusFault_Handler  stm32f4xx_it.o
    0x080005a8   0x00000002   Code   RO          184    i.DebugMon_Handler  stm32f4xx_it.o
    0x080005aa   0x00000002   PAD
    0x080005ac   0x0000003c   Code   RO         1002    i.DrawFontASC_GBK48B  gbk_libdrive.o
    0x080005e8   0x0000003c   Code   RO         1003    i.DrawFontASC_GBK64B  gbk_libdrive.o
    0x08000624   0x0000003c   Code   RO         1004    i.DrawFont_GBK12B   gbk_libdrive.o
    0x08000660   0x0000003c   Code   RO         1005    i.DrawFont_GBK16B   gbk_libdrive.o
    0x0800069c   0x0000003c   Code   RO         1007    i.DrawFont_GBK32B   gbk_libdrive.o
    0x080006d8   0x00000024   Code   RO         1392    i.FSMC_NORSRAMCmd   stm32f4xx_fsmc.o
    0x080006fc   0x000000ca   Code   RO         1394    i.FSMC_NORSRAMInit  stm32f4xx_fsmc.o
    0x080007c6   0x00000002   PAD
    0x080007c8   0x00000068   Code   RO         1008    i.FontLib_Read      gbk_libdrive.o
    0x08000830   0x00000068   Code   RO         1009    i.Font_SPI_WR       gbk_libdrive.o
    0x08000898   0x00000074   Code   RO         1010    i.GBK_GetASC_Point  gbk_libdrive.o
    0x0800090c   0x0000021c   Code   RO         1011    i.GBK_LibFont_Test  gbk_libdrive.o
    0x08000b28   0x00000088   Code   RO         1012    i.GBK_Lib_GetHz     gbk_libdrive.o
    0x08000bb0   0x00000078   Code   RO         1013    i.GBK_Lib_Init      gbk_libdrive.o
    0x08000c28   0x00000086   Code   RO         1014    i.GBK_ReadID        gbk_libdrive.o
    0x08000cae   0x000000aa   Code   RO         1015    i.GBK_ShowASCII     gbk_libdrive.o
    0x08000d58   0x000000a0   Code   RO         1016    i.GBK_Show_Font     gbk_libdrive.o
    0x08000df8   0x000000be   Code   RO         1017    i.GBK_Show_Str      gbk_libdrive.o
    0x08000eb6   0x00000002   PAD
    0x08000eb8   0x00000068   Code   RO         1018    i.GBK_Show_StrMid   gbk_libdrive.o
    0x08000f20   0x00000018   Code   RO         1019    i.GBK_delay         gbk_libdrive.o
    0x08000f38   0x0000007c   Code   RO         1284    i.GPIO_Init         stm32f4xx_gpio.o
    0x08000fb4   0x00000020   Code   RO         1285    i.GPIO_PinAFConfig  stm32f4xx_gpio.o
    0x08000fd4   0x0000000e   Code   RO         1288    i.GPIO_ReadInputDataBit  stm32f4xx_gpio.o
    0x08000fe2   0x00000004   Code   RO         1291    i.GPIO_ResetBits    stm32f4xx_gpio.o
    0x08000fe6   0x00000004   Code   RO         1292    i.GPIO_SetBits      stm32f4xx_gpio.o
    0x08000fea   0x00000002   Code   RO          185    i.HardFault_Handler  stm32f4xx_it.o
    0x08000fec   0x00000044   Code   RO          601    i.KEY_Init          key.o
    0x08001030   0x000000b0   Code   RO          602    i.KEY_Scan          key.o
    0x080010e0   0x0000003c   Code   RO          344    i.LCD_Clear         lcd.o
    0x0800111c   0x00000084   Code   RO          348    i.LCD_Display_Dir   lcd.o
    0x080011a0   0x0000009a   Code   RO          349    i.LCD_DrawLine      lcd.o
    0x0800123a   0x00000002   PAD
    0x0800123c   0x0000001c   Code   RO          350    i.LCD_DrawPoint     lcd.o
    0x08001258   0x000000c8   Code   RO          352    i.LCD_Draw_Circle   lcd.o
    0x08001320   0x00000048   Code   RO          353    i.LCD_Fast_DrawPoint  lcd.o
    0x08001368   0x00000498   Code   RO          355    i.LCD_Init          lcd.o
    0x08001800   0x00000010   Code   RO          356    i.LCD_Pow           lcd.o
    0x08001810   0x00000014   Code   RO          357    i.LCD_RD_DATA       lcd.o
    0x08001824   0x00000014   Code   RO          359    i.LCD_ReadReg       lcd.o
    0x08001838   0x000000a0   Code   RO          360    i.LCD_Scan_Dir      lcd.o
    0x080018d8   0x00000040   Code   RO          361    i.LCD_SetCursor     lcd.o
    0x08001918   0x00000064   Code   RO          362    i.LCD_Set_Window    lcd.o
    0x0800197c   0x000000dc   Code   RO          363    i.LCD_ShowChar      lcd.o
    0x08001a58   0x0000007c   Code   RO          364    i.LCD_ShowNum       lcd.o
    0x08001ad4   0x00000054   Code   RO          365    i.LCD_ShowString    lcd.o
    0x08001b28   0x0000000c   Code   RO          367    i.LCD_WR_DATA       lcd.o
    0x08001b34   0x0000000c   Code   RO          368    i.LCD_WR_REG        lcd.o
    0x08001b40   0x00000014   Code   RO          370    i.LCD_WriteRAM_Prepare  lcd.o
    0x08001b54   0x0000000c   Code   RO          371    i.LCD_WriteReg      lcd.o
    0x08001b60   0x00000040   Code   RO          317    i.LED_Init          led.o
    0x08001ba0   0x0000003c   Code   RO            3    i.Load_Drow_Dialog  main.o
    0x08001bdc   0x00000002   Code   RO          186    i.MemManage_Handler  stm32f4xx_it.o
    0x08001bde   0x00000002   Code   RO          187    i.NMI_Handler       stm32f4xx_it.o
    0x08001be0   0x00000068   Code   RO         1239    i.NVIC_Init         misc.o
    0x08001c48   0x00000014   Code   RO         1240    i.NVIC_PriorityGroupConfig  misc.o
    0x08001c5c   0x00000002   Code   RO          188    i.PendSV_Handler    stm32f4xx_it.o
    0x08001c5e   0x00000002   PAD
    0x08001c60   0x0000001c   Code   RO         1512    i.RCC_AHB1PeriphClockCmd  stm32f4xx_rcc.o
    0x08001c7c   0x0000001c   Code   RO         1518    i.RCC_AHB3PeriphClockCmd  stm32f4xx_rcc.o
    0x08001c98   0x0000001c   Code   RO         1524    i.RCC_APB2PeriphClockCmd  stm32f4xx_rcc.o
    0x08001cb4   0x0000001c   Code   RO         1526    i.RCC_APB2PeriphResetCmd  stm32f4xx_rcc.o
    0x08001cd0   0x000000a0   Code   RO         1533    i.RCC_GetClocksFreq  stm32f4xx_rcc.o
    0x08001d70   0x000000c4   Code   RO          970    i.SPI1_Init         spi.o
    0x08001e34   0x00000034   Code   RO          971    i.SPI1_ReadWriteByte  spi.o
    0x08001e68   0x0000001c   Code   RO          972    i.SPI1_SetSpeed     spi.o
    0x08001e84   0x00000018   Code   RO         2096    i.SPI_Cmd           stm32f4xx_spi.o
    0x08001e9c   0x0000000e   Code   RO         2104    i.SPI_I2S_GetFlagStatus  stm32f4xx_spi.o
    0x08001eaa   0x00000004   Code   RO         2107    i.SPI_I2S_ReceiveData  stm32f4xx_spi.o
    0x08001eae   0x00000004   Code   RO         2108    i.SPI_I2S_SendData  stm32f4xx_spi.o
    0x08001eb2   0x00000038   Code   RO         2109    i.SPI_Init          stm32f4xx_spi.o
    0x08001eea   0x00000002   Code   RO          189    i.SVC_Handler       stm32f4xx_it.o
    0x08001eec   0x000000b8   Code   RO          280    i.SetSysClock       system_stm32f4xx.o
    0x08001fa4   0x0000001c   Code   RO         1243    i.SysTick_CLKSourceConfig  misc.o
    0x08001fc0   0x00000002   Code   RO          190    i.SysTick_Handler   stm32f4xx_it.o
    0x08001fc2   0x00000002   PAD
    0x08001fc4   0x0000005c   Code   RO          282    i.SystemInit        system_stm32f4xx.o
    0x08002020   0x00000198   Code   RO          629    i.TP_Adj_Info_Show  touch.o
    0x080021b8   0x000006c0   Code   RO          630    i.TP_Adjust         touch.o
    0x08002878   0x00000038   Code   RO          631    i.TP_Draw_Big_Point  touch.o
    0x080028b0   0x00000084   Code   RO          632    i.TP_Drow_Touch_Point  touch.o
    0x08002934   0x00000088   Code   RO          633    i.TP_Get_Adjdata    touch.o
    0x080029bc   0x000000a0   Code   RO          634    i.TP_Init           touch.o
    0x08002a5c   0x00000080   Code   RO          635    i.TP_Read_AD        touch.o
    0x08002adc   0x00000062   Code   RO          636    i.TP_Read_XOY       touch.o
    0x08002b3e   0x00000002   PAD
    0x08002b40   0x00000028   Code   RO          637    i.TP_Read_XY        touch.o
    0x08002b68   0x00000086   Code   RO          638    i.TP_Read_XY2       touch.o
    0x08002bee   0x00000002   PAD
    0x08002bf0   0x00000070   Code   RO          639    i.TP_Save_Adjdata   touch.o
    0x08002c60   0x000000b0   Code   RO          640    i.TP_Scan           touch.o
    0x08002d10   0x00000048   Code   RO          641    i.TP_Write_Byte     touch.o
    0x08002d58   0x00000068   Code   RO         1182    i.USART1_IRQHandler  usart.o
    0x08002dc0   0x00000008   Code   RO         1902    i.USART_ClearFlag   stm32f4xx_usart.o
    0x08002dc8   0x00000018   Code   RO         1906    i.USART_Cmd         stm32f4xx_usart.o
    0x08002de0   0x00000040   Code   RO         1910    i.USART_GetITStatus  stm32f4xx_usart.o
    0x08002e20   0x00000036   Code   RO         1912    i.USART_ITConfig    stm32f4xx_usart.o
    0x08002e56   0x00000002   PAD
    0x08002e58   0x000000bc   Code   RO         1913    i.USART_Init        stm32f4xx_usart.o
    0x08002f14   0x00000008   Code   RO         1920    i.USART_ReceiveData  stm32f4xx_usart.o
    0x08002f1c   0x00000002   Code   RO          191    i.UsageFault_Handler  stm32f4xx_it.o
    0x08002f1e   0x00000002   PAD
    0x08002f20   0x00000050   Code   RO          860    i.W25QXX_Erase_Sector  w25qxx.o
    0x08002f70   0x0000005c   Code   RO          861    i.W25QXX_Init       w25qxx.o
    0x08002fcc   0x00000050   Code   RO          863    i.W25QXX_Read       w25qxx.o
    0x0800301c   0x0000003c   Code   RO          864    i.W25QXX_ReadID     w25qxx.o
    0x08003058   0x00000020   Code   RO          865    i.W25QXX_ReadSR     w25qxx.o
    0x08003078   0x0000000c   Code   RO          867    i.W25QXX_Wait_Busy  w25qxx.o
    0x08003084   0x000000a4   Code   RO          868    i.W25QXX_Write      w25qxx.o
    0x08003128   0x00000018   Code   RO          870    i.W25QXX_Write_Enable  w25qxx.o
    0x08003140   0x0000003e   Code   RO          871    i.W25QXX_Write_NoCheck  w25qxx.o
    0x0800317e   0x00000002   PAD
    0x08003180   0x00000058   Code   RO          872    i.W25QXX_Write_Page  w25qxx.o
    0x080031d8   0x00000020   Code   RO         2402    i.__0printf$5       mc_w.l(printf5.o)
    0x080031f8   0x0000007a   Code   RO         2252    i.__hardfp_sqrt     m_wm.l(sqrt.o)
    0x08003272   0x0000000e   Code   RO         2588    i.__scatterload_copy  mc_w.l(handlers.o)
    0x08003280   0x00000002   Code   RO         2589    i.__scatterload_null  mc_w.l(handlers.o)
    0x08003282   0x0000000e   Code   RO         2590    i.__scatterload_zeroinit  mc_w.l(handlers.o)
    0x08003290   0x0000000c   Code   RO         2564    i.__set_errno       mc_w.l(errno.o)
    0x0800329c   0x000002c0   Code   RO         2409    i._printf_core      mc_w.l(printf5.o)
    0x0800355c   0x0000002c   Code   RO         1124    i.delay_init        delay.o
    0x08003588   0x00000034   Code   RO         1125    i.delay_ms          delay.o
    0x080035bc   0x00000034   Code   RO         1126    i.delay_us          delay.o
    0x080035f0   0x00000034   Code   RO         1127    i.delay_xms         delay.o
    0x08003624   0x00000014   Code   RO         1184    i.fputc             usart.o
    0x08003638   0x00000284   Code   RO            4    i.main              main.o
    0x080038bc   0x00000098   Code   RO            5    i.rtp_test          main.o
    0x08003954   0x000000b4   Code   RO         1185    i.uart_init         usart.o
    0x08003a08   0x00000004   Data   RO          642    .constdata          touch.o
    0x08003a0c   0x00000474   Data   RO          759    .constdata          font.o
    0x08003e80   0x000005f0   Data   RO          760    .constdata          font.o
    0x08004470   0x00000d5c   Data   RO          761    .constdata          font.o
    0x080051cc   0x00000079   Data   RO          643    .conststring        touch.o
    0x08005245   0x00000003   PAD
    0x08005248   0x00000020   Data   RO         2586    Region$$Table       anon$$obj.o


    Execution Region RW_IRAM1 (Base: 0x20000000, Size: 0x00001540, Max: 0x00020000, ABSOLUTE)

    Base Addr    Size         Type   Attr      Idx    E Section Name        Object

    0x20000000   0x00000004   Data   RW          375    .data               lcd.o
    0x20000004   0x00000001   Data   RW          603    .data               key.o
    0x20000005   0x00000003   PAD
    0x20000008   0x00000040   Data   RW          644    .data               touch.o
    0x20000048   0x00000002   Data   RW          875    .data               w25qxx.o
    0x2000004a   0x00000004   Data   RW         1128    .data               delay.o
    0x2000004e   0x00000002   Data   RW         1187    .data               usart.o
    0x20000050   0x00000004   Data   RW         1188    .data               usart.o
    0x20000054   0x00000010   Data   RW         1565    .data               stm32f4xx_rcc.o
    0x20000064   0x00000004   Data   RW         2565    .data               mc_w.l(errno.o)
    0x20000068   0x0000000e   Zero   RW          373    .bss                lcd.o
    0x20000076   0x00001000   Zero   RW          874    .bss                w25qxx.o
    0x20001076   0x000000c8   Zero   RW         1186    .bss                usart.o
    0x2000113e   0x00000002   PAD
    0x20001140   0x00000400   Zero   RW         1230    STACK               startup_stm32f40_41xxx.o


==============================================================================

Image component sizes


      Code (inc. data)   RO Data    RW Data    ZI Data      Debug   Object Name

       200         18          0          4          0       2411   delay.o
         0          0       6080          0          0       1090   font.o
      2202        348          0          0          0      14588   gbk_libdrive.o
       244         20          0          1          0       1234   key.o
      2686        128          0          4         14      15924   lcd.o
        64          6          0          0          0        515   led.o
       856        266          0          0          0     279353   main.o
       152         16          0          0          0       2037   misc.o
       276         18          0          0          0       1729   spi.o
        36          8        392          0       1024        804   startup_stm32f40_41xxx.o
       238          6          0          0          0       1813   stm32f4xx_fsmc.o
       178          0          0          0          0       3379   stm32f4xx_gpio.o
        18          0          0          0          0       3794   stm32f4xx_it.o
       272         36          0         16          0       5236   stm32f4xx_rcc.o
       102          0          0          0          0       3382   stm32f4xx_spi.o
       346          8          0          0          0       4960   stm32f4xx_usart.o
       276         34          0          0          0       1397   system_stm32f4xx.o
      3380        298        125         64          0      11920   touch.o
       304         26          0          6        200       3660   usart.o
       694         56          0          2       4096       7081   w25qxx.o

    ----------------------------------------------------------------------
     12546       1292       6632        100       5336     366307   Object Totals
         0          0         32          0          0          0   (incl. Generated)
        22          0          3          3          2          0   (incl. Padding)

    ----------------------------------------------------------------------

      Code (inc. data)   RO Data    RW Data    ZI Data      Debug   Library Member Name

       122          0          0          0          0        148   sqrt.o
         0          0          0          0          0          0   entry.o
         0          0          0          0          0          0   entry10a.o
         0          0          0          0          0          0   entry11a.o
         8          4          0          0          0          0   entry2.o
         4          0          0          0          0          0   entry5.o
         0          0          0          0          0          0   entry7b.o
         0          0          0          0          0          0   entry8b.o
         8          4          0          0          0          0   entry9a.o
        12          6          0          4          0         68   errno.o
        30          0          0          0          0          0   handlers.o
        36          8          0          0          0         68   init.o
         0          0          0          0          0          0   iusefp.o
        30          0          0          0          0         68   llshl.o
        32          0          0          0          0         68   llushr.o
       736         56          0          0          0        184   printf5.o
        14          0          0          0          0         68   strlen.o
        98          0          0          0          0         92   uldiv.o
        48          0          0          0          0         68   cdcmple.o
        48          0          0          0          0         68   cdrcmple.o
       186          0          0          0          0        176   depilogue.o
        50          0          0          0          0         76   dfixui.o
        26          0          0          0          0         76   dfltui.o
       228          0          0          0          0         96   dmul.o
       162          0          0          0          0        100   dsqrt.o
        38          0          0          0          0         68   f2d.o

    ----------------------------------------------------------------------
      1918         78          0          4          0       1492   Library Totals
         2          0          0          0          0          0   (incl. Padding)

    ----------------------------------------------------------------------

      Code (inc. data)   RO Data    RW Data    ZI Data      Debug   Library Name

       122          0          0          0          0        148   m_wm.l
      1008         78          0          4          0        616   mc_w.l
       786          0          0          0          0        728   mf_w.l

    ----------------------------------------------------------------------
      1918         78          0          4          0       1492   Library Totals

    ----------------------------------------------------------------------

==============================================================================


      Code (inc. data)   RO Data    RW Data    ZI Data      Debug   

     14464       1370       6632        104       5336     356679   Grand Totals
     14464       1370       6632        104       5336     356679   ELF Image Totals
     14464       1370       6632        104          0          0   ROM Totals

==============================================================================

    Total RO  Size (Code + RO Data)                21096 (  20.60kB)
    Total RW  Size (RW Data + ZI Data)              5440 (   5.31kB)
    Total ROM Size (Code + RO Data + RW Data)      21200 (  20.70kB)

==============================================================================

