<html>
<body>
<pre>
<h1>µVision Build Log</h1>
<h2>Tool Versions:</h2>
IDE-Version: ¦ÌVision V5.23.0.0
Copyright (C) 2017 ARM Ltd and ARM Germany GmbH. All rights reserved.
License Information: 1 1, 1, LIC=UJWP0-BW7RP-BS2YX-HCX4M-UDXAD-FTKK1
 
Tool Versions:
Toolchain:       MDK-ARM Plus  Version: 5.23
Toolchain Path:  F:\keil\ARM\ARMCC\Bin
C Compiler:      Armcc.exe V5.06 update 4 (build 422)
Assembler:       Armasm.exe V5.06 update 4 (build 422)
Linker/Locator:  ArmLink.exe V5.06 update 4 (build 422)
Library Manager: ArmAr.exe V5.06 update 4 (build 422)
Hex Converter:   FromElf.exe V5.06 update 4 (build 422)
CPU DLL:         SARMCM3.DLL V5.23
Dialog DLL:      DCM.DLL V1.15.0.0
Target DLL:      UL2CM3.DLL V1.159.7.0
Dialog DLL:      TCM.DLL V1.27.0.0
 
<h2>Project:</h2>
E:\333\Àý2  ´¥ÃþÆÁ\USER\TOUCH.uvproj
Project File Date:  01/28/2025

<h2>Output:</h2>
*** Using Compiler 'V5.06 update 4 (build 422)', folder: 'F:\keil\ARM\ARMCC\Bin'
Build target 'TOUCH'
compiling led.c...
compiling key.c...
compiling system_stm32f4xx.c...
compiling stm32f4xx_it.c...
compiling Dis_Picture.c...
compiling main.c...
compiling lcd.c...
compiling touch.c...
compiling FONT.c...
compiling spi.c...
compiling w25qxx.c...
compiling Text.c...
compiling delay.c...
compiling sys.c...
compiling GBK_LibDrive.c...
compiling usart.c...
assembling startup_stm32f40_41xxx.s...
compiling Picture.c...
compiling misc.c...
compiling stm32f4xx_gpio.c...
compiling stm32f4xx_syscfg.c...
compiling stm32f4xx_usart.c...
compiling stm32f4xx_fsmc.c...
compiling stm32f4xx_rcc.c...
compiling stm32f4xx_spi.c...
linking...
Program Size: Code=14464 RO-data=6632 RW-data=104 ZI-data=5336  
FromELF: creating hex file...
"..\OBJ\TOUCH.axf" - 0 Error(s), 0 Warning(s).
Build Time Elapsed:  00:00:08
</pre>
</body>
</html>
